// Vitest Snapshot v1, https://vitest.dev/guide/snapshot.html

exports[`ruby (component) > should match everything 1`] = `
[
  "adyen",
  "algolia",
  "apache_hadoop",
  "apache_kafka",
  "atlassian",
  "atlassian.jira",
  "atlassian.trello",
  "auth0",
  "aws",
  "aws.apigateway",
  "aws.athena",
  "aws.cloudformation",
  "aws.cloudfront",
  "aws.cloudsearch",
  "aws.cloudwatch",
  "aws.codebuild",
  "aws.documentdb",
  "aws.dynamodb",
  "aws.ebs",
  "aws.ec2",
  "aws.ecr",
  "aws.ecs",
  "aws.efs",
  "aws.eks",
  "aws.elasticache",
  "aws.glacier",
  "aws.glue",
  "aws.kafka",
  "aws.kinesis",
  "aws.kms",
  "aws.lambda",
  "aws.lightsail",
  "aws.memorydb",
  "aws.mq",
  "aws.neptune",
  "aws.opensearch",
  "aws.polly",
  "aws.rds",
  "aws.redshift",
  "aws.rekognition",
  "aws.s3",
  "aws.sagemaker",
  "aws.secretsmanager",
  "aws.ses",
  "aws.sfn",
  "aws.sns",
  "aws.sqs",
  "aws.timestream",
  "aws.translate",
  "azure",
  "azure.cosmosdb",
  "azure.functions",
  "azure.mariadb",
  "azure.mysql",
  "azure.postgres",
  "azure.redis",
  "azure.sql",
  "azure.staticwebapps",
  "azure.storage",
  "betterstack",
  "brevo",
  "cloudflare",
  "couchbase",
  "datadog",
  "docusign",
  "elasticsearch",
  "fastly",
  "firebase",
  "gcp",
  "gcp.aiplatform",
  "gcp.appengine",
  "gcp.artifactregistry",
  "gcp.bigquery",
  "gcp.bigtable",
  "gcp.cloudbuild",
  "gcp.cloudrun",
  "gcp.dataflow",
  "gcp.dataproc",
  "gcp.datastore",
  "gcp.dialogflow",
  "gcp.dns",
  "gcp.functions",
  "gcp.gce",
  "gcp.gcs",
  "gcp.kms",
  "gcp.language",
  "gcp.logging",
  "gcp.maps",
  "gcp.memorystore",
  "gcp.pubsub",
  "gcp.secretmanager",
  "gcp.spanner",
  "gcp.speech",
  "gcp.sql",
  "gcp.tasks",
  "gcp.translate",
  "gcp.vision",
  "github",
  "hashicorp_vault",
  "heroku",
  "influxdb",
  "intercom",
  "kentico",
  "kubernetes",
  "lago",
  "launchdarkly",
  "lemonsqueezy",
  "logstash",
  "mailchimp",
  "mailgun",
  "mailjet",
  "mariadb",
  "meilisearch",
  "memcached",
  "mongodb",
  "mysql",
  "nats",
  "neo4j",
  "newrelic",
  "novu",
  "okta",
  "optimizely",
  "oraclecloud",
  "pagerduty",
  "papertrail",
  "paypal",
  "pirschanalytics",
  "postgresql",
  "posthog",
  "postmark",
  "prometheus",
  "rabbitmq",
  "redis",
  "rethinkdb",
  "rollbar",
  "ruby",
  "scoutapm",
  "sendgrid",
  "sentry",
  "servicenow",
  "shopify",
  "slack",
  "snowflake",
  "splitio",
  "sqlite",
  "sqreen",
  "stripe",
  "telegram",
  "twilio",
  "typesense",
  "veriff",
  "zendesk",
  "zipkin",
  "zookeeper",
]
`;

exports[`ruby (component) > should match everything 2`] = `
[
  [
    "ruby",
    "MailchimpMarketing",
    "1.0.0",
  ],
  [
    "ruby",
    "MailchimpTransactional",
    "1.0.0",
  ],
  [
    "ruby",
    "adyen",
    "1.0.0",
  ],
  [
    "ruby",
    "adyen-cse-ruby",
    "1.0.0",
  ],
  [
    "ruby",
    "adyen-ruby-api-library",
    "1.0.0",
  ],
  [
    "ruby",
    "algolia",
    "1.0.0",
  ],
  [
    "ruby",
    "algoliasearch-rails",
    "1.0.0",
  ],
  [
    "ruby",
    "appengine",
    "1.0.0",
  ],
  [
    "ruby",
    "auth0",
    "1.0.0",
  ],
  [
    "ruby",
    "aws-sdk-apigateway",
    "1.0.0",
  ],
  [
    "ruby",
    "aws-sdk-athena",
    "1.0.0",
  ],
  [
    "ruby",
    "aws-sdk-cloudformation",
    "1.0.0",
  ],
  [
    "ruby",
    "aws-sdk-cloudfront",
    "1.0.0",
  ],
  [
    "ruby",
    "aws-sdk-cloudsearch",
    "1.0.0",
  ],
  [
    "ruby",
    "aws-sdk-cloudwatch",
    "1.0.0",
  ],
  [
    "ruby",
    "aws-sdk-codebuild",
    "1.0.0",
  ],
  [
    "ruby",
    "aws-sdk-docdb",
    "1.0.0",
  ],
  [
    "ruby",
    "aws-sdk-dynamodbstreams",
    "1.0.0",
  ],
  [
    "ruby",
    "aws-sdk-e2",
    "1.0.0",
  ],
  [
    "ruby",
    "aws-sdk-ebs",
    "1.0.0",
  ],
  [
    "ruby",
    "aws-sdk-ec2",
    "1.0.0",
  ],
  [
    "ruby",
    "aws-sdk-ecr",
    "1.0.0",
  ],
  [
    "ruby",
    "aws-sdk-ecs",
    "1.0.0",
  ],
  [
    "ruby",
    "aws-sdk-efs",
    "1.0.0",
  ],
  [
    "ruby",
    "aws-sdk-eks",
    "1.0.0",
  ],
  [
    "ruby",
    "aws-sdk-elasticache",
    "1.0.0",
  ],
  [
    "ruby",
    "aws-sdk-firehose",
    "1.0.0",
  ],
  [
    "ruby",
    "aws-sdk-glacier",
    "1.0.0",
  ],
  [
    "ruby",
    "aws-sdk-glue",
    "1.0.0",
  ],
  [
    "ruby",
    "aws-sdk-kafka",
    "1.0.0",
  ],
  [
    "ruby",
    "aws-sdk-kinesis",
    "1.0.0",
  ],
  [
    "ruby",
    "aws-sdk-kms",
    "1.0.0",
  ],
  [
    "ruby",
    "aws-sdk-lambda",
    "1.0.0",
  ],
  [
    "ruby",
    "aws-sdk-lightsail",
    "1.0.0",
  ],
  [
    "ruby",
    "aws-sdk-memorydb",
    "1.0.0",
  ],
  [
    "ruby",
    "aws-sdk-mq",
    "1.0.0",
  ],
  [
    "ruby",
    "aws-sdk-neptune",
    "1.0.0",
  ],
  [
    "ruby",
    "aws-sdk-opensearch",
    "1.0.0",
  ],
  [
    "ruby",
    "aws-sdk-polly",
    "1.0.0",
  ],
  [
    "ruby",
    "aws-sdk-rds",
    "1.0.0",
  ],
  [
    "ruby",
    "aws-sdk-redshift",
    "1.0.0",
  ],
  [
    "ruby",
    "aws-sdk-rekognition",
    "1.0.0",
  ],
  [
    "ruby",
    "aws-sdk-s3",
    "1.0.0",
  ],
  [
    "ruby",
    "aws-sdk-sagemaker",
    "1.0.0",
  ],
  [
    "ruby",
    "aws-sdk-secretsmanager",
    "1.0.0",
  ],
  [
    "ruby",
    "aws-sdk-ses",
    "1.0.0",
  ],
  [
    "ruby",
    "aws-sdk-sfn",
    "1.0.0",
  ],
  [
    "ruby",
    "aws-sdk-sns",
    "1.0.0",
  ],
  [
    "ruby",
    "aws-sdk-sqs",
    "1.0.0",
  ],
  [
    "ruby",
    "aws-sdk-timestream",
    "1.0.0",
  ],
  [
    "ruby",
    "aws-sdk-translate",
    "1.0.0",
  ],
  [
    "ruby",
    "aws-ses",
    "1.0.0",
  ],
  [
    "ruby",
    "azure-armrest",
    "1.0.0",
  ],
  [
    "ruby",
    "azure-storage",
    "1.0.0",
  ],
  [
    "ruby",
    "azure-storage-blob",
    "1.0.0",
  ],
  [
    "ruby",
    "azure-storage-common",
    "1.0.0",
  ],
  [
    "ruby",
    "azure-storage-file",
    "1.0.0",
  ],
  [
    "ruby",
    "azure-storage-queue",
    "1.0.0",
  ],
  [
    "ruby",
    "azure-storage-table",
    "1.0.0",
  ],
  [
    "ruby",
    "azure_mgmt_cosmosdb",
    "1.0.0",
  ],
  [
    "ruby",
    "azure_mgmt_mariadb",
    "1.0.0",
  ],
  [
    "ruby",
    "azure_mgmt_mysql",
    "1.0.0",
  ],
  [
    "ruby",
    "azure_mgmt_postgresql",
    "1.0.0",
  ],
  [
    "ruby",
    "azure_mgmt_redis",
    "1.0.0",
  ],
  [
    "ruby",
    "azure_mgmt_sql",
    "1.0.0",
  ],
  [
    "ruby",
    "azure_mgmt_storage",
    "1.0.0",
  ],
  [
    "ruby",
    "azure_mgmt_web",
    "1.0.0",
  ],
  [
    "ruby",
    "browserstack-local",
    "1.0.0",
  ],
  [
    "ruby",
    "bunny",
    "1.0.0",
  ],
  [
    "ruby",
    "capybara-selenium",
    "1.0.0",
  ],
  [
    "ruby",
    "circleci",
    "1.0.0",
  ],
  [
    "ruby",
    "cloudflare-rails",
    "1.0.0",
  ],
  [
    "ruby",
    "cloudfront-signer",
    "1.0.0",
  ],
  [
    "ruby",
    "couchbase",
    "1.0.0",
  ],
  [
    "ruby",
    "coveralls",
    "1.0.0",
  ],
  [
    "ruby",
    "coveralls_reborn",
    "1.0.0",
  ],
  [
    "ruby",
    "cypress-on-rails",
    "1.0.0",
  ],
  [
    "ruby",
    "dalli",
    "1.0.0",
  ],
  [
    "ruby",
    "datadog-lambda",
    "1.0.0",
  ],
  [
    "ruby",
    "ddtrace",
    "1.0.0",
  ],
  [
    "ruby",
    "delivery-sdk-ruby",
    "1.0.0",
  ],
  [
    "ruby",
    "dependabot-common",
    "1.0.0",
  ],
  [
    "ruby",
    "docusign_esign",
    "1.0.0",
  ],
  [
    "ruby",
    "elasticsearch",
    "1.0.0",
  ],
  [
    "ruby",
    "fastlane-plugin-firebase_app_distribution",
    "1.0.0",
  ],
  [
    "ruby",
    "fastly",
    "1.0.0",
  ],
  [
    "ruby",
    "fluent-plugin-azurefunctions",
    "1.0.0",
  ],
  [
    "ruby",
    "fluent-plugin-azurestorage",
    "1.0.0",
  ],
  [
    "ruby",
    "fluent-plugin-azurestorage-gen2",
    "1.0.0",
  ],
  [
    "ruby",
    "fluent-plugin-kafka",
    "1.0.0",
  ],
  [
    "ruby",
    "fluent-plugin-prometheus",
    "1.0.0",
  ],
  [
    "ruby",
    "functions_framework ",
    "1.0.0",
  ],
  [
    "ruby",
    "gitlab",
    "1.0.0",
  ],
  [
    "ruby",
    "google-apis-sqladmin_v1beta4",
    "1.0.0",
  ],
  [
    "ruby",
    "google-cloud-ai_platform-v1",
    "1.0.0",
  ],
  [
    "ruby",
    "google-cloud-artifact_registry",
    "1.0.0",
  ],
  [
    "ruby",
    "google-cloud-bigquery",
    "1.0.0",
  ],
  [
    "ruby",
    "google-cloud-bigtable",
    "1.0.0",
  ],
  [
    "ruby",
    "google-cloud-build-v1",
    "1.0.0",
  ],
  [
    "ruby",
    "google-cloud-compute",
    "1.0.0",
  ],
  [
    "ruby",
    "google-cloud-dataflow-v1",
    "1.0.0",
  ],
  [
    "ruby",
    "google-cloud-dataproc-v1",
    "1.0.0",
  ],
  [
    "ruby",
    "google-cloud-datastore",
    "1.0.0",
  ],
  [
    "ruby",
    "google-cloud-dialogflow-v1",
    "1.0.0",
  ],
  [
    "ruby",
    "google-cloud-dns",
    "1.0.0",
  ],
  [
    "ruby",
    "google-cloud-functions-v1",
    "1.0.0",
  ],
  [
    "ruby",
    "google-cloud-kms-v1",
    "1.0.0",
  ],
  [
    "ruby",
    "google-cloud-language-v1",
    "1.0.0",
  ],
  [
    "ruby",
    "google-cloud-logging",
    "1.0.0",
  ],
  [
    "ruby",
    "google-cloud-pubsub",
    "1.0.0",
  ],
  [
    "ruby",
    "google-cloud-redis-v1",
    "1.0.0",
  ],
  [
    "ruby",
    "google-cloud-run-v1",
    "1.0.0",
  ],
  [
    "ruby",
    "google-cloud-run_v2",
    "1.0.0",
  ],
  [
    "ruby",
    "google-cloud-secret_manager-v1",
    "1.0.0",
  ],
  [
    "ruby",
    "google-cloud-spanner-v1",
    "1.0.0",
  ],
  [
    "ruby",
    "google-cloud-speech-v1",
    "1.0.0",
  ],
  [
    "ruby",
    "google-cloud-storage",
    "1.0.0",
  ],
  [
    "ruby",
    "google-cloud-tasks-v1",
    "1.0.0",
  ],
  [
    "ruby",
    "google-cloud-translate-v1",
    "1.0.0",
  ],
  [
    "ruby",
    "google-cloud-vision-v1",
    "1.0.0",
  ],
  [
    "ruby",
    "google_maps_service",
    "1.0.0",
  ],
  [
    "ruby",
    "hadoop-metrics2",
    "1.0.0",
  ],
  [
    "ruby",
    "helm-rb",
    "1.0.0",
  ],
  [
    "ruby",
    "influxdb-client",
    "1.0.0",
  ],
  [
    "ruby",
    "intercom",
    "1.0.0",
  ],
  [
    "ruby",
    "intercom-rails",
    "1.0.0",
  ],
  [
    "ruby",
    "jenkins_api_client",
    "1.0.0",
  ],
  [
    "ruby",
    "jira-ruby",
    "1.0.0",
  ],
  [
    "ruby",
    "kubeclient",
    "1.0.0",
  ],
  [
    "ruby",
    "lago-ruby-client",
    "1.0.0",
  ],
  [
    "ruby",
    "launchdarkly-server-sdk",
    "1.0.0",
  ],
  [
    "ruby",
    "ldclient-rb",
    "1.0.0",
  ],
  [
    "ruby",
    "lemonsqueezy",
    "1.0.0",
  ],
  [
    "ruby",
    "logstash-event",
    "1.0.0",
  ],
  [
    "ruby",
    "logstash-filter-translate",
    "1.0.0",
  ],
  [
    "ruby",
    "logstash-input-azureblob",
    "1.0.0",
  ],
  [
    "ruby",
    "logstash-input-kafka",
    "1.0.0",
  ],
  [
    "ruby",
    "logstash-logger",
    "1.0.0",
  ],
  [
    "ruby",
    "logstash-output-kafka",
    "1.0.0",
  ],
  [
    "ruby",
    "logstash-output-sqs",
    "1.0.0",
  ],
  [
    "ruby",
    "logstash-output-stastd",
    "1.0.0",
  ],
  [
    "ruby",
    "logtail-rails",
    "1.0.0",
  ],
  [
    "ruby",
    "mailgun-ruby",
    "1.0.0",
  ],
  [
    "ruby",
    "mailjet",
    "1.0.0",
  ],
  [
    "ruby",
    "meilisearch",
    "1.0.0",
  ],
  [
    "ruby",
    "meilisearch-rails",
    "1.0.0",
  ],
  [
    "ruby",
    "mongo",
    "1.0.0",
  ],
  [
    "ruby",
    "mysql2",
    "1.0.0",
  ],
  [
    "ruby",
    "nats",
    "1.0.0",
  ],
  [
    "ruby",
    "nats-pure",
    "1.0.0",
  ],
  [
    "ruby",
    "neo4j-ruby-driver",
    "1.0.0",
  ],
  [
    "ruby",
    "newrelic_rpm",
    "1.0.0",
  ],
  [
    "ruby",
    "novu",
    "1.0.0",
  ],
  [
    "ruby",
    "oci",
    "1.0.0",
  ],
  [
    "ruby",
    "octokit",
    "1.0.0",
  ],
  [
    "ruby",
    "oktakit",
    "1.0.0",
  ],
  [
    "ruby",
    "omniauth-auth0",
    "1.0.0",
  ],
  [
    "ruby",
    "optimizely",
    "1.0.0",
  ],
  [
    "ruby",
    "optimizely-sdk",
    "1.0.0",
  ],
  [
    "ruby",
    "optimizely_server_side",
    "1.0.0",
  ],
  [
    "ruby",
    "pagerduty",
    "1.0.0",
  ],
  [
    "ruby",
    "papertrail",
    "1.0.0",
  ],
  [
    "ruby",
    "paypal",
    "1.0.0",
  ],
  [
    "ruby",
    "paypal-checkout-sdk",
    "1.0.0",
  ],
  [
    "ruby",
    "paypal-express",
    "1.0.0",
  ],
  [
    "ruby",
    "paypal-sdk-core",
    "1.0.0",
  ],
  [
    "ruby",
    "paypal-sdk-merchant",
    "1.0.0",
  ],
  [
    "ruby",
    "paypal-sdk-rest",
    "1.0.0",
  ],
  [
    "ruby",
    "pg",
    "1.0.0",
  ],
  [
    "ruby",
    "pirsch_api",
    "1.0.0",
  ],
  [
    "ruby",
    "platform-api",
    "1.0.0",
  ],
  [
    "ruby",
    "posthog-ruby",
    "1.0.0",
  ],
  [
    "ruby",
    "postmark",
    "1.0.0",
  ],
  [
    "ruby",
    "postmark-rails",
    "1.0.0",
  ],
  [
    "ruby",
    "prometheus",
    "1.0.0",
  ],
  [
    "ruby",
    "prometheus-client",
    "1.0.0",
  ],
  [
    "ruby",
    "prometheus-client-mmap",
    "1.0.0",
  ],
  [
    "ruby",
    "prometheus_exporter",
    "1.0.0",
  ],
  [
    "ruby",
    "redis",
    "1.0.0",
  ],
  [
    "ruby",
    "redis-client",
    "1.0.0",
  ],
  [
    "ruby",
    "rethinkdb",
    "1.0.0",
  ],
  [
    "ruby",
    "rollbar",
    "1.0.0",
  ],
  [
    "ruby",
    "ruby-kafka",
    "1.0.0",
  ],
  [
    "ruby",
    "ruby-mysql",
    "1.0.0",
  ],
  [
    "ruby",
    "ruby-trello",
    "1.0.0",
  ],
  [
    "ruby",
    "scout_apm",
    "1.0.0",
  ],
  [
    "ruby",
    "selenium",
    "1.0.0",
  ],
  [
    "ruby",
    "selenium-client",
    "1.0.0",
  ],
  [
    "ruby",
    "selenium-webdriver",
    "1.0.0",
  ],
  [
    "ruby",
    "sendgrid",
    "1.0.0",
  ],
  [
    "ruby",
    "sendgrid-rails",
    "1.0.0",
  ],
  [
    "ruby",
    "sendgrid-ruby",
    "1.0.0",
  ],
  [
    "ruby",
    "sentry-rails",
    "1.0.0",
  ],
  [
    "ruby",
    "sequel-snowflake",
    "1.0.0",
  ],
  [
    "ruby",
    "servicenow-api",
    "1.0.0",
  ],
  [
    "ruby",
    "shopify-cli",
    "1.0.0",
  ],
  [
    "ruby",
    "shopify_api",
    "1.0.0",
  ],
  [
    "ruby",
    "shopify_app",
    "1.0.0",
  ],
  [
    "ruby",
    "sib-api-v3-sdk",
    "1.0.0",
  ],
  [
    "ruby",
    "slack-ruby-client",
    "1.0.0",
  ],
  [
    "ruby",
    "splitclient-rb",
    "1.0.0",
  ],
  [
    "ruby",
    "sqlite3",
    "1.0.0",
  ],
  [
    "ruby",
    "sqreen",
    "1.0.0",
  ],
  [
    "ruby",
    "stripe",
    "1.0.0",
  ],
  [
    "ruby",
    "stripe-rails",
    "1.0.0",
  ],
  [
    "ruby",
    "stripe_event",
    "1.0.0",
  ],
  [
    "ruby",
    "telegram-bot",
    "1.0.0",
  ],
  [
    "ruby",
    "telegram-bot-ruby",
    "1.0.0",
  ],
  [
    "ruby",
    "tencentcloud-sdk-mariadb",
    "1.0.0",
  ],
  [
    "ruby",
    "thrift",
    "1.0.0",
  ],
  [
    "ruby",
    "travis",
    "1.0.0",
  ],
  [
    "ruby",
    "twilio-ruby",
    "1.0.0",
  ],
  [
    "ruby",
    "typesense",
    "1.0.0",
  ],
  [
    "ruby",
    "vault",
    "1.0.0",
  ],
  [
    "ruby",
    "veriff",
    "1.0.0",
  ],
  [
    "ruby",
    "zendesk_api",
    "1.0.0",
  ],
  [
    "ruby",
    "zipkin-tracer",
    "1.0.0",
  ],
  [
    "ruby",
    "zookeeper",
    "1.0.0",
  ],
]
`;
