// Vitest Snapshot v1, https://vitest.dev/guide/snapshot.html

exports[`all > should match everything 1`] = `
[
  "adobe",
  "algolia",
  "alibabacloud",
  "amplitude",
  "angular",
  "appveyor",
  "atlassian",
  "auth0",
  "aws",
  "aws.dynamodb",
  "aws.ec2",
  "aws.elasticache",
  "aws.glacier",
  "aws.lambda",
  "aws.rds",
  "aws.s3",
  "aws.sns",
  "aws.sqs",
  "azure",
  "azure.ci",
  "bootstrap",
  "browserstack",
  "caddy",
  "cassandra",
  "circleci",
  "cirrusci",
  "cockroachdb",
  "codesandboxci",
  "couchbase",
  "cypressci",
  "datadog",
  "deferrun",
  "deno",
  "dependabot",
  "discord",
  "docker",
  "dropbox",
  "elasticsearch",
  "elasticstack",
  "equinix",
  "esbuild",
  "eslint",
  "expodev",
  "express",
  "fastify",
  "fastly",
  "firebase",
  "flyio",
  "gcp",
  "gcp.aiplatform",
  "gcp.bigquery",
  "gcp.bigtable",
  "gcp.cloudbuild",
  "gcp.cloudrun",
  "gcp.dataproc",
  "gcp.datastore",
  "gcp.dns",
  "gcp.functions",
  "gcp.gce",
  "gcp.gcs",
  "gcp.gke",
  "gcp.language",
  "gcp.maps",
  "gcp.pubsub",
  "gcp.secretmanager",
  "gcp.speech",
  "gcp.sql",
  "gcp.translate",
  "gcp.vision",
  "gitbook",
  "github",
  "github.actions",
  "github.pages",
  "gitlab",
  "gitlab.ci",
  "golang",
  "googleanalytics",
  "hashicorp_vault",
  "helm",
  "heroku",
  "hotjar",
  "httpd",
  "hubspot",
  "huggingface",
  "influxdb",
  "jenkins",
  "kibana",
  "koa",
  "kubernetes",
  "logrocket",
  "mailchimp",
  "mailjet",
  "mariadb",
  "memcached",
  "mongodb",
  "mongodbatlas",
  "mysql",
  "neo4j",
  "netlify",
  "newrelic",
  "nginx",
  "nodejs",
  "okta",
  "openai",
  "oraclecloud",
  "ovh",
  "pagerduty",
  "percona",
  "pingdom",
  "placekit",
  "platformsh",
  "postgresql",
  "prettier",
  "prisma",
  "prismacloud",
  "puppeteer",
  "rabbitmq",
  "react",
  "reactemail",
  "redis",
  "relativeci",
  "render",
  "renovate",
  "resend",
  "rollup",
  "ruby",
  "rust",
  "salesforce",
  "scaleway",
  "sentry",
  "sequelize",
  "shopify",
  "slack",
  "snowflake",
  "snyk",
  "socketio",
  "splunk",
  "sqlite",
  "sqreen",
  "squareup",
  "storybook",
  "strapi",
  "stripe",
  "styleci",
  "stylelint",
  "supabase",
  "supabase.functions",
  "supabase.postgres",
  "supabase.storage",
  "tailwind",
  "teamcity",
  "terraform",
  "terragrunt",
  "travisci",
  "typescript",
  "vercel",
  "vercel.ai",
  "vercel.analytics",
  "vercel.blob",
  "vercel.kv",
  "vercel.postgres",
  "vite",
  "vue",
  "webpack",
  "zendesk",
  "zookeeper",
  "zoom",
  "zuora",
]
`;
