// Vitest Snapshot v1, https://vitest.dev/guide/snapshot.html

exports[`docker > should match everything 1`] = `
[
  "adminer",
  "airbyte",
  "ansible",
  "apache_airflow",
  "apache_cassandra",
  "apache_couchdb",
  "apache_flink",
  "apache_hadoop",
  "apache_hive",
  "apache_iceberg",
  "apache_kafka",
  "apache_solr",
  "apache_spark",
  "apache_storm",
  "apache_thrift",
  "atlasgo",
  "aws",
  "aws.dynamodb",
  "aws.lambda",
  "aws.s3",
  "azure",
  "blackfire",
  "caddy",
  "checkov",
  "chef",
  "clickhouse",
  "consul",
  "couchbase",
  "cypressci",
  "deno",
  "discourse",
  "docker",
  "elasticsearch",
  "ghost",
  "gitguardian",
  "goacmelego",
  "golangcilint",
  "grafana",
  "haproxy",
  "hashicorp_vault",
  "httpd",
  "influxdb",
  "jenkins",
  "jira",
  "joomla",
  "kibana",
  "kong",
  "lighthouse",
  "logstash",
  "mailhog",
  "mariadb",
  "matomo",
  "meilisearch",
  "memcached",
  "mongodb",
  "mysql",
  "neo4j",
  "nextcloud",
  "nginx",
  "nodejs",
  "percona",
  "php",
  "plausible",
  "playwright",
  "postgresql",
  "qovery",
  "rabbitmq",
  "redis",
  "ruby",
  "slack",
  "snyk",
  "sonarqube",
  "strapi",
  "supabase",
  "supabase.postgres",
  "supabase.realtime",
  "supabase.storage",
  "telegraf",
  "telegram",
  "tensorflow",
  "traefik",
  "trufflesecurity",
  "typesense",
  "vale",
  "wordpress",
  "zookeeper",
]
`;

exports[`docker > should match everything 2`] = `
[
  [
    "docker",
    "adminer",
    "0.0.0",
  ],
  [
    "docker",
    "adobe/s3mock",
    "0.0.0",
  ],
  [
    "docker",
    "airbyte/worker",
    "latest",
  ],
  [
    "docker",
    "alpinelinux/ansible",
    "0.0.0",
  ],
  [
    "docker",
    "amazon/aws-cli",
    "0.0.0",
  ],
  [
    "docker",
    "amazon/aws-lambda-python",
    "latest",
  ],
  [
    "docker",
    "amazon/dynamodb-local",
    "0.0.0",
  ],
  [
    "docker",
    "apache/airflow",
    "0.0.0",
  ],
  [
    "docker",
    "apache/couchdb",
    "0.0.0",
  ],
  [
    "docker",
    "apache/flink",
    "0.0.0",
  ],
  [
    "docker",
    "apache/hadoop",
    "0.0.0",
  ],
  [
    "docker",
    "apache/hive",
    "0.0.0",
  ],
  [
    "docker",
    "apache/spark",
    "0.0.0",
  ],
  [
    "docker",
    "apache/spark-iceberg",
    "0.0.0",
  ],
  [
    "docker",
    "apache/storm",
    "0.0.0",
  ],
  [
    "docker",
    "apache/thrift",
    "0.0.0",
  ],
  [
    "docker",
    "arigaio/atlas",
    "0.0.0",
  ],
  [
    "docker",
    "atlassian/jira-software",
    "0.0.0",
  ],
  [
    "docker",
    "bitnami/azure-cli",
    "0.0.0",
  ],
  [
    "docker",
    "bitnami/discourse",
    "0.0.0",
  ],
  [
    "docker",
    "bitnami/kafka",
    "0.0.0",
  ],
  [
    "docker",
    "bitnami/matomo",
    "0.0.0",
  ],
  [
    "docker",
    "bitnami/postgresql",
    "0.0.0",
  ],
  [
    "docker",
    "bitnami/solr",
    "0.0.0",
  ],
  [
    "docker",
    "bitnami/supabase-postgres",
    "0.0.0",
  ],
  [
    "docker",
    "bitnami/supabase-realtime",
    "0.0.0",
  ],
  [
    "docker",
    "bitnami/supabase-storage",
    "0.0.0",
  ],
  [
    "docker",
    "bitnamicharts/kafka",
    "0.0.0",
  ],
  [
    "docker",
    "bitnamicharts/postgresql",
    "0.0.0",
  ],
  [
    "docker",
    "blackfire/blackfire",
    "0.0.0",
  ],
  [
    "docker",
    "bridgecrew/checkov",
    "0.0.0",
  ],
  [
    "docker",
    "caddy",
    "0.0.0",
  ],
  [
    "docker",
    "cassandra",
    "0.0.0",
  ],
  [
    "docker",
    "chef/chef",
    "0.0.0",
  ],
  [
    "docker",
    "cimg/azure",
    "0.0.0",
  ],
  [
    "docker",
    "cimg/postgres",
    "0.0.0",
  ],
  [
    "docker",
    "circleci/postgres",
    "0.0.0",
  ],
  [
    "docker",
    "clickhouse/clickhouse-server",
    "0.0.0",
  ],
  [
    "docker",
    "consul",
    "0.0.0",
  ],
  [
    "docker",
    "couchbase",
    "0.0.0",
  ],
  [
    "docker",
    "cypress",
    "0.0.0",
  ],
  [
    "docker",
    "denoland/deno",
    "0.0.0",
  ],
  [
    "docker",
    "discourse/base",
    "0.0.0",
  ],
  [
    "docker",
    "elasticsearch",
    "0.0.0",
  ],
  [
    "docker",
    "femtopixel/google-lighthouse",
    "0.0.0",
  ],
  [
    "docker",
    "getmeili/meilisearch",
    "0.0.0",
  ],
  [
    "docker",
    "ghost",
    "0.0.0",
  ],
  [
    "docker",
    "gitguardian/ggshield",
    "0.0.0",
  ],
  [
    "docker",
    "goacme/lego",
    "0.0.0",
  ],
  [
    "docker",
    "golangci/golangci-lint",
    "0.0.0",
  ],
  [
    "docker",
    "grafana/grafana-enterprise",
    "0.0.0",
  ],
  [
    "docker",
    "haproxy",
    "0.0.0",
  ],
  [
    "docker",
    "httpd",
    "0.0.0",
  ],
  [
    "docker",
    "influxdb",
    "0.0.0",
  ],
  [
    "docker",
    "jdkato/vale",
    "0.0.0",
  ],
  [
    "docker",
    "jenkins-docker",
    "0.0.0",
  ],
  [
    "docker",
    "joomla",
    "0.0.0",
  ],
  [
    "docker",
    "kasmweb/slack",
    "0.0.0",
  ],
  [
    "docker",
    "kasmweb/telegram",
    "0.0.0",
  ],
  [
    "docker",
    "kibana",
    "0.0.0",
  ],
  [
    "docker",
    "kong",
    "0.0.0",
  ],
  [
    "docker",
    "logstash",
    "0.0.0",
  ],
  [
    "docker",
    "mailhog/mailhog",
    "0.0.0",
  ],
  [
    "docker",
    "mariadb",
    "0.0.0",
  ],
  [
    "docker",
    "matomo",
    "0.0.0",
  ],
  [
    "docker",
    "mcr.microsoft.com/playwright",
    "0.0.0",
  ],
  [
    "docker",
    "memcached",
    "0.0.0",
  ],
  [
    "docker",
    "mongo",
    "0.0.0",
  ],
  [
    "docker",
    "mysql",
    "0.0.0",
  ],
  [
    "docker",
    "neo4j",
    "0.0.0",
  ],
  [
    "docker",
    "nextcloud",
    "0.0.0",
  ],
  [
    "docker",
    "nextcloud/aio-nextcloud",
    "0.0.0",
  ],
  [
    "docker",
    "nextcloud/all-in-one",
    "0.0.0",
  ],
  [
    "docker",
    "nginx",
    "0.0.0",
  ],
  [
    "docker",
    "node",
    "0.0.0",
  ],
  [
    "docker",
    "nodejs",
    "0.0.0",
  ],
  [
    "docker",
    "percona",
    "0.0.0",
  ],
  [
    "docker",
    "php",
    "0.0.0",
  ],
  [
    "docker",
    "pipelinecomponents/ansible-lint",
    "0.0.0",
  ],
  [
    "docker",
    "plausible/analytics",
    "0.0.0",
  ],
  [
    "docker",
    "postgres",
    "0.0.0",
  ],
  [
    "docker",
    "public.ecr.aws/r3m4q3r9/qovery-cli",
    "0.0.0",
  ],
  [
    "docker",
    "rabbitmq",
    "0.0.0",
  ],
  [
    "docker",
    "redis",
    "0.0.0",
  ],
  [
    "docker",
    "ruby",
    "0.0.0",
  ],
  [
    "docker",
    "snyk/broker",
    "0.0.0",
  ],
  [
    "docker",
    "snyk/code-agent",
    "0.0.0",
  ],
  [
    "docker",
    "snyk/driftctl",
    "0.0.0",
  ],
  [
    "docker",
    "snyk/kubernetes-monitor",
    "0.0.0",
  ],
  [
    "docker",
    "snyk/kubernetes-operator",
    "0.0.0",
  ],
  [
    "docker",
    "snyk/snyk-cli",
    "0.0.0",
  ],
  [
    "docker",
    "solr",
    "0.0.0",
  ],
  [
    "docker",
    "sonarqube",
    "0.0.0",
  ],
  [
    "docker",
    "strapi",
    "0.0.0",
  ],
  [
    "docker",
    "supabase/postgres",
    "0.0.0",
  ],
  [
    "docker",
    "supabase/postgres-meta",
    "0.0.0",
  ],
  [
    "docker",
    "supabase/realtime",
    "0.0.0",
  ],
  [
    "docker",
    "supabase/storage-api",
    "0.0.0",
  ],
  [
    "docker",
    "telegraf",
    "0.0.0",
  ],
  [
    "docker",
    "tensorflow/tensorflow",
    "0.0.0",
  ],
  [
    "docker",
    "traefik",
    "0.0.0",
  ],
  [
    "docker",
    "trufflesecurity/trufflehog",
    "0.0.0",
  ],
  [
    "docker",
    "typesense/typesense",
    "0.0.0",
  ],
  [
    "docker",
    "ubuntu/kafka",
    "0.0.0",
  ],
  [
    "docker",
    "ubuntu/postgres",
    "0.0.0",
  ],
  [
    "docker",
    "vault",
    "0.0.0",
  ],
  [
    "docker",
    "webdevops/azure-devops-exporter",
    "0.0.0",
  ],
  [
    "docker",
    "webdevops/azure-metrics-exporter",
    "0.0.0",
  ],
  [
    "docker",
    "wordpress",
    "0.0.0",
  ],
  [
    "docker",
    "zookeeper",
    "0.0.0",
  ],
]
`;
