// Vitest Snapshot v1, https://vitest.dev/guide/snapshot.html

exports[`techAnalyser > should run correctly 1`] = `
{
  "childs": [
    {
      "childs": [],
      "edges": [],
      "group": "component",
      "id": "",
      "inComponent": null,
      "languages": {
        "JSON": 1,
      },
      "name": "@fake/api",
      "path": [
        "/pkgs/api/package.json",
      ],
      "tech": null,
      "techs": [
        "fastify",
        "nodejs",
        "prisma",
        "typescript",
      ],
    },
    {
      "childs": [],
      "edges": [],
      "group": "component",
      "id": "",
      "inComponent": "",
      "languages": {
        "HTML": 1,
        "JSON": 1,
        "SCSS": 1,
      },
      "name": "@fake/app",
      "path": [
        "/pkgs/app/package.json",
      ],
      "tech": null,
      "techs": [
        "html",
        "nodejs",
        "react",
        "scss",
        "typescript",
        "vercel",
        "vite",
      ],
    },
    {
      "childs": [],
      "edges": [],
      "group": "hosting",
      "id": "",
      "inComponent": null,
      "languages": {},
      "name": "GCP",
      "path": [
        "/terraform/.terraform.lock.hcl",
      ],
      "tech": "gcp",
      "techs": [],
    },
    {
      "childs": [],
      "edges": [],
      "group": "component",
      "id": "",
      "inComponent": null,
      "languages": {},
      "name": "db",
      "path": [
        "/docker-compose.yml",
      ],
      "tech": "postgresql",
      "techs": [],
    },
    {
      "childs": [],
      "edges": [],
      "group": "component",
      "id": "",
      "inComponent": null,
      "languages": {
        "HCL": 1,
        "JSON": 1,
        "YAML": 1,
      },
      "name": "fake",
      "path": [
        "/package.json",
      ],
      "tech": null,
      "techs": [
        "docker",
        "eslint",
        "nodejs",
        "prettier",
        "terraform",
        "typescript",
      ],
    },
    {
      "childs": [],
      "edges": [],
      "group": "component",
      "id": "",
      "inComponent": null,
      "languages": {},
      "name": "main",
      "path": [
        "/",
      ],
      "tech": null,
      "techs": [],
    },
    {
      "childs": [],
      "edges": [],
      "group": "component",
      "id": "",
      "inComponent": null,
      "languages": {},
      "name": "redis",
      "path": [
        "/docker-compose.yml",
      ],
      "tech": "redis",
      "techs": [],
    },
    {
      "childs": [],
      "edges": [],
      "group": "component",
      "id": "",
      "inComponent": null,
      "languages": {},
      "name": "unknown",
      "path": [
        "/docker-compose.yml",
      ],
      "tech": null,
      "techs": [],
    },
    {
      "childs": [],
      "edges": [],
      "group": "hosting",
      "id": "",
      "inComponent": null,
      "languages": {},
      "name": "vercel",
      "path": [
        "/pkgs/app/package.json",
        "/terraform/.terraform.lock.hcl",
      ],
      "tech": "vercel",
      "techs": [],
    },
  ],
  "edges": [],
  "group": "component",
  "id": "",
  "inComponent": null,
  "languages": {
    "HCL": 1,
    "HTML": 1,
    "JSON": 3,
    "SCSS": 1,
    "YAML": 1,
  },
  "name": "flatten",
  "path": [
    "/",
  ],
  "tech": null,
  "techs": [
    "docker",
    "eslint",
    "fastify",
    "gcp",
    "html",
    "nodejs",
    "postgresql",
    "prettier",
    "prisma",
    "react",
    "redis",
    "scss",
    "terraform",
    "typescript",
    "vercel",
    "vite",
  ],
}
`;
