// Vitest Snapshot v1, https://vitest.dev/guide/snapshot.html

exports[`analyser > should list from API 1`] = `
{
  "childs": [
    {
      "childs": [],
      "dependencies": [
        [
          "docker",
          "postgres",
          "14.5-alpine",
        ],
      ],
      "edges": [],
      "id": "2",
      "inComponent": null,
      "languages": {},
      "name": "db",
      "path": [
        "/tests/__fixtures__/docker-compose.yml",
      ],
      "tech": "postgresql",
      "techs": [],
    },
    {
      "childs": [
        {
          "childs": [
            {
              "childs": [],
              "dependencies": [],
              "edges": [],
              "id": "7",
              "inComponent": null,
              "languages": {},
              "name": "datadog",
              "path": [
                "/tests/__fixtures__/pkgs/api/package.json",
              ],
              "tech": "datadog",
              "techs": [],
            },
          ],
          "dependencies": [
            [
              "npm",
              "dd-trace",
              "1.0.1",
            ],
            [
              "npm",
              "fastify",
              "4.17.0",
            ],
            [
              "npm",
              "prisma",
              "4.13.0",
            ],
            [
              "npm",
              "typescript",
              "5.0.4",
            ],
          ],
          "edges": [
            {
              "read": true,
              "target": "7",
              "write": true,
            },
          ],
          "id": "6",
          "inComponent": null,
          "languages": {
            "JSON": 1,
          },
          "name": "@fake/api",
          "path": [
            "/tests/__fixtures__/pkgs/api/package.json",
          ],
          "tech": null,
          "techs": [
            "datadog",
            "fastify",
            "nodejs",
            "prisma",
            "typescript",
          ],
        },
        {
          "childs": [
            {
              "childs": [],
              "dependencies": [],
              "edges": [],
              "id": "9",
              "inComponent": null,
              "languages": {},
              "name": "vercel",
              "path": [
                "/tests/__fixtures__/pkgs/app/package.json",
              ],
              "tech": "vercel",
              "techs": [],
            },
          ],
          "dependencies": [
            [
              "npm",
              "@fake/api",
              "1.0.0",
            ],
            [
              "npm",
              "react",
              "4.17.0",
            ],
            [
              "npm",
              "typescript",
              "5.0.4",
            ],
            [
              "npm",
              "vite",
              "4.3.3",
            ],
          ],
          "edges": [],
          "id": "8",
          "inComponent": "9",
          "languages": {
            "HTML": 1,
            "JSON": 1,
            "SCSS": 1,
          },
          "name": "@fake/app",
          "path": [
            "/tests/__fixtures__/pkgs/app/package.json",
          ],
          "tech": null,
          "techs": [
            "html",
            "nodejs",
            "react",
            "scss",
            "typescript",
            "vercel",
            "vite",
          ],
        },
        {
          "childs": [],
          "dependencies": [
            [
              "terraform",
              "registry.terraform.io/hashicorp/google",
              "4.61.0",
            ],
          ],
          "edges": [],
          "id": "11",
          "inComponent": null,
          "languages": {},
          "name": "GCP",
          "path": [
            "/tests/__fixtures__/terraform/.terraform.lock.hcl",
          ],
          "tech": "gcp",
          "techs": [],
        },
        {
          "childs": [],
          "dependencies": [
            [
              "terraform",
              "registry.terraform.io/vercel/vercel",
              "4.61.0",
            ],
          ],
          "edges": [],
          "id": "12",
          "inComponent": null,
          "languages": {},
          "name": "Vercel",
          "path": [
            "/tests/__fixtures__/terraform/.terraform.lock.hcl",
          ],
          "tech": "vercel",
          "techs": [],
        },
      ],
      "dependencies": [
        [
          "npm",
          "@typescript-eslint/eslint-plugin",
          "5.57.1",
        ],
        [
          "npm",
          "@typescript-eslint/parser",
          "5.57.1",
        ],
        [
          "npm",
          "eslint",
          "8.39.0",
        ],
        [
          "npm",
          "prettier",
          "2.8.7",
        ],
        [
          "npm",
          "typescript",
          "4.9.5",
        ],
        [
          "terraform",
          "registry.terraform.io/hashicorp/google",
          "4.61.0",
        ],
        [
          "terraform",
          "registry.terraform.io/vercel/vercel",
          "4.61.0",
        ],
      ],
      "edges": [],
      "id": "5",
      "inComponent": null,
      "languages": {
        "HCL": 1,
        "JSON": 1,
        "YAML": 1,
      },
      "name": "fake",
      "path": [
        "/tests/__fixtures__/package.json",
      ],
      "tech": null,
      "techs": [
        "docker",
        "eslint",
        "nodejs",
        "prettier",
        "terraform",
        "typescript",
      ],
    },
    {
      "childs": [],
      "dependencies": [
        [
          "docker",
          "redis",
          "7.0.4-alpine",
        ],
      ],
      "edges": [],
      "id": "3",
      "inComponent": null,
      "languages": {},
      "name": "redis",
      "path": [
        "/tests/__fixtures__/docker-compose.yml",
      ],
      "tech": "redis",
      "techs": [],
    },
    {
      "childs": [],
      "dependencies": [
        [
          "docker",
          "unknown",
          "7.17.5",
        ],
      ],
      "edges": [],
      "id": "4",
      "inComponent": null,
      "languages": {},
      "name": "unknown",
      "path": [
        "/tests/__fixtures__/docker-compose.yml",
      ],
      "tech": null,
      "techs": [],
    },
  ],
  "dependencies": [],
  "edges": [],
  "id": "0",
  "inComponent": null,
  "languages": {},
  "name": "main",
  "path": [
    "/",
  ],
  "tech": null,
  "techs": [],
}
`;
