// Vitest Snapshot v1, https://vitest.dev/guide/snapshot.html

exports[`npm > should match everything 1`] = `
[
  "airtable",
  "algolia",
  "amplitude",
  "angular",
  "auth0",
  "aws",
  "aws.dynamodb",
  "aws.ec2",
  "aws.elasticache",
  "aws.glacier",
  "aws.lambda",
  "aws.rds",
  "aws.s3",
  "aws.sns",
  "aws.sqs",
  "bootstrap",
  "browserstack",
  "couchbase",
  "cypressci",
  "datadog",
  "deferrun",
  "discord",
  "elasticsearch",
  "esbuild",
  "eslint",
  "express",
  "fastify",
  "fastly",
  "figma",
  "firebase",
  "gcp",
  "gcp.aiplatform",
  "gcp.bigquery",
  "gcp.bigtable",
  "gcp.cloudbuild",
  "gcp.cloudrun",
  "gcp.dataproc",
  "gcp.datastore",
  "gcp.dns",
  "gcp.functions",
  "gcp.gce",
  "gcp.gcs",
  "gcp.language",
  "gcp.maps",
  "gcp.pubsub",
  "gcp.secretmanager",
  "gcp.speech",
  "gcp.sql",
  "gcp.translate",
  "gcp.vision",
  "gitbook",
  "github",
  "hotjar",
  "huggingface",
  "influxdb",
  "koa",
  "kubernetes",
  "logrocket",
  "mailchimp",
  "mailjet",
  "mariadb",
  "memcached",
  "mongodb",
  "mysql",
  "neo4j",
  "netlify",
  "newrelic",
  "nodejs",
  "okta",
  "openai",
  "oraclecloud",
  "ovh",
  "pagerduty",
  "placekit",
  "postgresql",
  "postman",
  "prettier",
  "prisma",
  "puppeteer",
  "rabbitmq",
  "react",
  "reactemail",
  "redis",
  "relativeci",
  "renovate",
  "resend",
  "rollup",
  "salesforce",
  "scaleway",
  "sendgrid",
  "sentry",
  "sequelize",
  "shopify",
  "slack",
  "snyk",
  "socketio",
  "sqlite",
  "sqreen",
  "squarespace",
  "storybook",
  "strapi",
  "stripe",
  "supabase",
  "supabase.functions",
  "supabase.postgres",
  "supabase.storage",
  "tailwind",
  "twilio",
  "typescript",
  "vercel",
  "vercel.ai",
  "vercel.analytics",
  "vercel.blob",
  "vercel.kv",
  "vercel.postgres",
  "vite",
  "vue",
  "webpack",
]
`;

exports[`npm > should match everything 2`] = `
[
  [
    "npm",
    "@algolia/client",
    "0.0.0",
  ],
  [
    "npm",
    "@amplitude/analytics-browser",
    "0.0.0",
  ],
  [
    "npm",
    "@angular/forms",
    "0.0.0",
  ],
  [
    "npm",
    "@auth0/auth0-react",
    "0.0.0",
  ],
  [
    "npm",
    "@aws-sdk/client-dynamodb-streams",
    "0.0.0",
  ],
  [
    "npm",
    "@aws-sdk/client-ec2",
    "0.0.0",
  ],
  [
    "npm",
    "@aws-sdk/client-elasticache",
    "0.0.0",
  ],
  [
    "npm",
    "@aws-sdk/client-glacier",
    "0.0.0",
  ],
  [
    "npm",
    "@aws-sdk/client-lambda",
    "0.0.0",
  ],
  [
    "npm",
    "@aws-sdk/client-rds",
    "0.0.0",
  ],
  [
    "npm",
    "@aws-sdk/client-s3",
    "0.0.0",
  ],
  [
    "npm",
    "@aws-sdk/client-sns",
    "0.0.0",
  ],
  [
    "npm",
    "@aws-sdk/client-sqs",
    "0.0.0",
  ],
  [
    "npm",
    "@aws-sdk/middleware-sdk-rds",
    "0.0.0",
  ],
  [
    "npm",
    "@datadog/cli",
    "0.0.0",
  ],
  [
    "npm",
    "@defer/client",
    "0.0.0",
  ],
  [
    "npm",
    "@docsearch/react",
    "0.0.0",
  ],
  [
    "npm",
    "@elastic/elasticsearch",
    "0.0.0",
  ],
  [
    "npm",
    "@fastly/performance-observer-polyfill",
    "0.0.0",
  ],
  [
    "npm",
    "@figma/plugin-typings",
    "0.0.0",
  ],
  [
    "npm",
    "@firebase/auth",
    "0.0.0",
  ],
  [
    "npm",
    "@gitbook/api",
    "0.0.0",
  ],
  [
    "npm",
    "@google-cloud/aiplatform",
    "0.0.0",
  ],
  [
    "npm",
    "@google-cloud/bigquery",
    "0.0.0",
  ],
  [
    "npm",
    "@google-cloud/bigtable",
    "0.0.0",
  ],
  [
    "npm",
    "@google-cloud/cloud-sql-connector",
    "0.0.0",
  ],
  [
    "npm",
    "@google-cloud/cloudbuild",
    "0.0.0",
  ],
  [
    "npm",
    "@google-cloud/compute",
    "0.0.0",
  ],
  [
    "npm",
    "@google-cloud/dataproc",
    "0.0.0",
  ],
  [
    "npm",
    "@google-cloud/datastore",
    "0.0.0",
  ],
  [
    "npm",
    "@google-cloud/dns",
    "0.0.0",
  ],
  [
    "npm",
    "@google-cloud/functions-framework",
    "0.0.0",
  ],
  [
    "npm",
    "@google-cloud/language",
    "0.0.0",
  ],
  [
    "npm",
    "@google-cloud/maps",
    "0.0.0",
  ],
  [
    "npm",
    "@google-cloud/pubsub",
    "0.0.0",
  ],
  [
    "npm",
    "@google-cloud/run",
    "0.0.0",
  ],
  [
    "npm",
    "@google-cloud/secret-manager",
    "0.0.0",
  ],
  [
    "npm",
    "@google-cloud/speech",
    "0.0.0",
  ],
  [
    "npm",
    "@google-cloud/storage",
    "0.0.0",
  ],
  [
    "npm",
    "@google-cloud/translate",
    "0.0.0",
  ],
  [
    "npm",
    "@google-cloud/vision",
    "0.0.0",
  ],
  [
    "npm",
    "@hotjar/browser",
    "0.0.0",
  ],
  [
    "npm",
    "@hubspot/api-client",
    "0.0.0",
  ],
  [
    "npm",
    "@huggingface/inference",
    "0.0.0",
  ],
  [
    "npm",
    "@influxdata/influxdb-client",
    "0.0.0",
  ],
  [
    "npm",
    "@kubernetes/client-node",
    "0.0.0",
  ],
  [
    "npm",
    "@mailchimp/mailchimp_marketing",
    "0.0.0",
  ],
  [
    "npm",
    "@mailchimp/mailchimp_transactional",
    "0.0.0",
  ],
  [
    "npm",
    "@mikro-orm/mongodb",
    "0.0.0",
  ],
  [
    "npm",
    "@netlify/plugin-emails",
    "0.0.0",
  ],
  [
    "npm",
    "@nuxtjs/algolia",
    "0.0.0",
  ],
  [
    "npm",
    "@octokit/types",
    "0.0.0",
  ],
  [
    "npm",
    "@okta/okta-signin-widget",
    "0.0.0",
  ],
  [
    "npm",
    "@ovh-api/api",
    "0.0.0",
  ],
  [
    "npm",
    "@pagerduty/pdjs",
    "0.0.0",
  ],
  [
    "npm",
    "@placekit/client-js",
    "0.0.0",
  ],
  [
    "npm",
    "@relative-ci/agent",
    "0.0.0",
  ],
  [
    "npm",
    "@salesforce/kit",
    "0.0.0",
  ],
  [
    "npm",
    "@scaleway/sdk",
    "0.0.0",
  ],
  [
    "npm",
    "@sendgrid/mail",
    "0.0.0",
  ],
  [
    "npm",
    "@sentry/browser",
    "0.0.0",
  ],
  [
    "npm",
    "@shopify/shopify-api",
    "0.0.0",
  ],
  [
    "npm",
    "@slack/web-api",
    "0.0.0",
  ],
  [
    "npm",
    "@squarespace/server",
    "0.0.0",
  ],
  [
    "npm",
    "@strapi/strapi",
    "0.0.0",
  ],
  [
    "npm",
    "@supabase/functions-js",
    "0.0.0",
  ],
  [
    "npm",
    "@supabase/pg-admin-js",
    "0.0.0",
  ],
  [
    "npm",
    "@supabase/postgres-meta",
    "0.0.0",
  ],
  [
    "npm",
    "@supabase/postgrest-js",
    "0.0.0",
  ],
  [
    "npm",
    "@supabase/realtime-js",
    "0.0.0",
  ],
  [
    "npm",
    "@supabase/storage-js",
    "0.0.0",
  ],
  [
    "npm",
    "@supabase/supabase.js",
    "0.0.0",
  ],
  [
    "npm",
    "@twilio/cli-core",
    "0.0.0",
  ],
  [
    "npm",
    "@vercel/ai",
    "0.0.0",
  ],
  [
    "npm",
    "@vercel/analytics",
    "0.0.0",
  ],
  [
    "npm",
    "@vercel/blob",
    "0.0.0",
  ],
  [
    "npm",
    "@vercel/kv",
    "0.0.0",
  ],
  [
    "npm",
    "@vercel/postgres",
    "0.0.0",
  ],
  [
    "npm",
    "airtable",
    "0.0.0",
  ],
  [
    "npm",
    "algoliasearch",
    "0.0.0",
  ],
  [
    "npm",
    "amplitude-js",
    "0.0.0",
  ],
  [
    "npm",
    "amqplib",
    "0.0.0",
  ],
  [
    "npm",
    "angular",
    "0.0.0",
  ],
  [
    "npm",
    "auth0",
    "0.0.0",
  ],
  [
    "npm",
    "aws-sdk",
    "0.0.0",
  ],
  [
    "npm",
    "bootstrap",
    "0.0.0",
  ],
  [
    "npm",
    "browserstack",
    "0.0.0",
  ],
  [
    "npm",
    "couchbase",
    "0.0.0",
  ],
  [
    "npm",
    "create-instantsearch-app",
    "0.0.0",
  ],
  [
    "npm",
    "cypress",
    "0.0.0",
  ],
  [
    "npm",
    "dd-trace",
    "0.0.0",
  ],
  [
    "npm",
    "discord-interactions",
    "0.0.0",
  ],
  [
    "npm",
    "discord.js",
    "0.0.0",
  ],
  [
    "npm",
    "docsearch.js",
    "0.0.0",
  ],
  [
    "npm",
    "esbuild",
    "0.0.0",
  ],
  [
    "npm",
    "eslint",
    "0.0.0",
  ],
  [
    "npm",
    "express",
    "0.0.0",
  ],
  [
    "npm",
    "fastify",
    "0.0.0",
  ],
  [
    "npm",
    "fastly",
    "0.0.0",
  ],
  [
    "npm",
    "firebase",
    "0.0.0",
  ],
  [
    "npm",
    "gatsby-plugin-algolia",
    "0.0.0",
  ],
  [
    "npm",
    "googleapis",
    "0.0.0",
  ],
  [
    "npm",
    "instantsearch.js",
    "0.0.0",
  ],
  [
    "npm",
    "ioredis",
    "0.0.0",
  ],
  [
    "npm",
    "jsforce",
    "0.0.0",
  ],
  [
    "npm",
    "koa",
    "0.0.0",
  ],
  [
    "npm",
    "logrocket",
    "0.0.0",
  ],
  [
    "npm",
    "mariadb",
    "0.0.0",
  ],
  [
    "npm",
    "memcached",
    "0.0.0",
  ],
  [
    "npm",
    "mongoose",
    "0.0.0",
  ],
  [
    "npm",
    "mysql",
    "0.0.0",
  ],
  [
    "npm",
    "neo4j-driver",
    "0.0.0",
  ],
  [
    "npm",
    "netlify",
    "0.0.0",
  ],
  [
    "npm",
    "netlify-cli",
    "0.0.0",
  ],
  [
    "npm",
    "newman",
    "0.0.0",
  ],
  [
    "npm",
    "newrelic",
    "0.0.0",
  ],
  [
    "npm",
    "node-mailjet",
    "0.0.0",
  ],
  [
    "npm",
    "oci-sdk",
    "0.0.0",
  ],
  [
    "npm",
    "octokit",
    "0.0.0",
  ],
  [
    "npm",
    "openai",
    "0.0.0",
  ],
  [
    "npm",
    "pg",
    "0.0.0",
  ],
  [
    "npm",
    "postman-collection",
    "0.0.0",
  ],
  [
    "npm",
    "postman-request",
    "0.0.0",
  ],
  [
    "npm",
    "prettier",
    "0.0.0",
  ],
  [
    "npm",
    "prisma",
    "0.0.0",
  ],
  [
    "npm",
    "puppeteer",
    "0.0.0",
  ],
  [
    "npm",
    "react",
    "0.0.0",
  ],
  [
    "npm",
    "react-email",
    "0.0.0",
  ],
  [
    "npm",
    "react-instantsearch",
    "0.0.0",
  ],
  [
    "npm",
    "redis",
    "0.0.0",
  ],
  [
    "npm",
    "renovate",
    "0.0.0",
  ],
  [
    "npm",
    "resend",
    "0.0.0",
  ],
  [
    "npm",
    "rollup",
    "0.0.0",
  ],
  [
    "npm",
    "sequelize",
    "0.0.0",
  ],
  [
    "npm",
    "snyk",
    "0.0.0",
  ],
  [
    "npm",
    "socket.io",
    "0.0.0",
  ],
  [
    "npm",
    "sqlite3",
    "0.0.0",
  ],
  [
    "npm",
    "sqreen",
    "0.0.0",
  ],
  [
    "npm",
    "storybook",
    "0.0.0",
  ],
  [
    "npm",
    "strapi",
    "0.0.0",
  ],
  [
    "npm",
    "stripe",
    "0.0.0",
  ],
  [
    "npm",
    "tailwindcss",
    "0.0.0",
  ],
  [
    "npm",
    "twilio",
    "0.0.0",
  ],
  [
    "npm",
    "typescript",
    "0.0.0",
  ],
  [
    "npm",
    "vercel",
    "0.0.0",
  ],
  [
    "npm",
    "vite",
    "0.0.0",
  ],
  [
    "npm",
    "vue",
    "0.0.0",
  ],
  [
    "npm",
    "vue-instantsearch",
    "0.0.0",
  ],
  [
    "npm",
    "webpack",
    "0.0.0",
  ],
]
`;
