// Vitest Snapshot v1, https://vitest.dev/guide/snapshot.html

exports[`terraform (lockfile) > should match everything 1`] = `
[
  "alibabacloud",
  "auth0",
  "aws",
  "azure",
  "cockroachdb",
  "datadog",
  "elasticsearch",
  "elasticstack",
  "flyio",
  "gcp",
  "github",
  "gitlab",
  "helm",
  "heroku",
  "kubernetes",
  "mongodbatlas",
  "newrelic",
  "oraclecloud",
  "ovh",
  "pagerduty",
  "prismacloud",
  "scaleway",
  "snowflake",
  "snyk",
  "terraform",
  "vault",
  "vercel",
]
`;

exports[`terraform (resource) > should match everything 1`] = `
[
  "datadog",
  "gcp",
  "gcp.bigquery",
  "gcp.cloudrun",
  "gcp.gce",
  "gcp.gcs",
  "gcp.gke",
  "gcp.pubsub",
  "gcp.sql",
  "terraform",
]
`;
