// Vitest Snapshot v1, https://vitest.dev/guide/snapshot.html

exports[`terraform (resource) > should match everything 1`] = `
[
  "atlassian",
  "atlassian.jira",
  "aws",
  "aws.amplifyhosting",
  "aws.apigateway",
  "aws.athena",
  "aws.cloudformation",
  "aws.cloudfront",
  "aws.cloudsearch",
  "aws.cloudwatch",
  "aws.codebuild",
  "aws.documentdb",
  "aws.dynamodb",
  "aws.ebs",
  "aws.ec2",
  "aws.ecr",
  "aws.ecs",
  "aws.efs",
  "aws.eks",
  "aws.elasticache",
  "aws.glacier",
  "aws.glue",
  "aws.kafka",
  "aws.kinesis",
  "aws.kms",
  "aws.lambda",
  "aws.lightsail",
  "aws.memorydb",
  "aws.mq",
  "aws.neptune",
  "aws.opensearch",
  "aws.rds",
  "aws.redshift",
  "aws.s3",
  "aws.sagemaker",
  "aws.secretsmanager",
  "aws.ses",
  "aws.sfn",
  "aws.sns",
  "aws.sqs",
  "aws.timestream",
  "azure",
  "azure.aks",
  "azure.cosmosdb",
  "azure.functions",
  "azure.mariadb",
  "azure.mysql",
  "azure.postgres",
  "azure.redis",
  "azure.sql",
  "azure.staticwebapps",
  "azure.storage",
  "cloudflare",
  "cloudflare.pages",
  "cloudflare.workers",
  "datadog",
  "firebase",
  "firebase.firestore",
  "gcp",
  "gcp.aiplatform",
  "gcp.appengine",
  "gcp.artifactregistry",
  "gcp.bigquery",
  "gcp.bigtable",
  "gcp.cloudbuild",
  "gcp.cloudrun",
  "gcp.dataflow",
  "gcp.dataproc",
  "gcp.datastore",
  "gcp.dialogflow",
  "gcp.dns",
  "gcp.functions",
  "gcp.gce",
  "gcp.gcs",
  "gcp.gke",
  "gcp.kms",
  "gcp.logging",
  "gcp.memorystore",
  "gcp.pubsub",
  "gcp.secretmanager",
  "gcp.spanner",
  "gcp.sql",
  "gcp.tasks",
  "ovh",
  "ovh.database",
  "ovh.dedicated",
  "ovh.kubernetes",
  "ovh.storage",
  "ovh.vps",
  "qovery",
  "qovery.cluster",
  "qovery.database",
  "scaleway",
  "scaleway.container",
  "scaleway.database",
  "scaleway.documentdb",
  "scaleway.elasticmetal",
  "scaleway.function",
  "scaleway.kubernetes",
  "scaleway.mq",
  "scaleway.redis",
  "scaleway.secretmanager",
  "scaleway.storage",
  "terraform",
]
`;

exports[`terraform (resource) > should match nothing but register dependencies 1`] = `
[
  [
    "terraform",
    "helloworld",
    "0.0.0",
  ],
]
`;
