// Vitest Snapshot v1, https://vitest.dev/guide/snapshot.html

exports[`rust (component) > should match everything 1`] = `
Set {
  "zookeeper",
  "aws",
  "aws.dynamodb",
  "cassandra",
  "couchbase",
  "elasticsearch",
  "gcp",
  "gcp.bigquery",
  "influxdb",
  "memcached",
  "mongodb",
  "mysql",
  "postgresql",
  "redis",
  "sqlite",
  "snowflake",
  "hashicorp_vault",
  "fastly",
  "rabbitmq",
  "gcp.pubsub",
  "algolia",
  "auth0",
  "datadog",
  "mailjet",
  "okta",
  "slack",
  "sentry",
  "neo4j",
  "gitlab",
  "pagerduty",
  "rust",
}
`;

exports[`rust (component) > should match everything 2`] = `
[
  [
    "rust",
    "algoliasearch",
    "1.0.0",
  ],
  [
    "rust",
    "auth0",
    "1.0.0",
  ],
  [
    "rust",
    "aws-sdk-dynamodb",
    "1.0.0",
  ],
  [
    "rust",
    "aws-sdk-elasticsearch",
    "1.0.0",
  ],
  [
    "rust",
    "cassandra-cpp",
    "1.0.0",
  ],
  [
    "rust",
    "couchbase",
    "1.0.0",
  ],
  [
    "rust",
    "datadog-apm",
    "1.0.0",
  ],
  [
    "rust",
    "ddtrace",
    "1.0.0",
  ],
  [
    "rust",
    "discord-cassandra-cpp",
    "1.0.0",
  ],
  [
    "rust",
    "elasticsearch",
    "1.0.0",
  ],
  [
    "rust",
    "fastly-api",
    "1.0.0",
  ],
  [
    "rust",
    "gcp-bigquery-client",
    "1.0.0",
  ],
  [
    "rust",
    "gitlab",
    "1.0.0",
  ],
  [
    "rust",
    "google-cloud-pubsub",
    "1.0.0",
  ],
  [
    "rust",
    "hashicorp_vault",
    "1.0.0",
  ],
  [
    "rust",
    "influxdb",
    "1.0.0",
  ],
  [
    "rust",
    "influxdb2",
    "1.0.0",
  ],
  [
    "rust",
    "libsqlite3-sys",
    "1.0.0",
  ],
  [
    "rust",
    "mailjet-rs",
    "1.0.0",
  ],
  [
    "rust",
    "memcache",
    "1.0.0",
  ],
  [
    "rust",
    "memcache-async",
    "1.0.0",
  ],
  [
    "rust",
    "mongodb",
    "1.0.0",
  ],
  [
    "rust",
    "mysql_async",
    "1.0.0",
  ],
  [
    "rust",
    "neo4rs",
    "1.0.0",
  ],
  [
    "rust",
    "okta",
    "1.0.0",
  ],
  [
    "rust",
    "pagerduty-rs",
    "1.0.0",
  ],
  [
    "rust",
    "postgres",
    "1.0.0",
  ],
  [
    "rust",
    "rabbitmq-stream-client",
    "1.0.0",
  ],
  [
    "rust",
    "redis",
    "1.0.0",
  ],
  [
    "rust",
    "redis-async",
    "1.0.0",
  ],
  [
    "rust",
    "rs-snowflake",
    "1.0.0",
  ],
  [
    "rust",
    "rusqlite",
    "1.0.0",
  ],
  [
    "rust",
    "sentry",
    "1.0.0",
  ],
  [
    "rust",
    "slack-morphism",
    "1.0.0",
  ],
  [
    "rust",
    "snowflake",
    "1.0.0",
  ],
  [
    "rust",
    "sqlite",
    "1.0.0",
  ],
  [
    "rust",
    "zookeeper",
    "1.0.0",
  ],
]
`;

exports[`rust (component) > should match foreign dependencies 1`] = `
[
  [
    "rust",
    "anyhow",
    "1.0.56",
  ],
  [
    "rust",
    "axum",
    "0.6.1",
  ],
  [
    "rust",
    "foobar",
    "^1.0.0",
  ],
  [
    "rust",
    "hello",
    "path:../world:1.0.0",
  ],
  [
    "rust",
    "redis_cluster_async",
    "git:https://github.com/redis-rs/redis-cluster-async.git#e6fe168",
  ],
  [
    "rust",
    "test",
    "path:../test",
  ],
]
`;
