// Vitest Snapshot v1, https://vitest.dev/guide/snapshot.html

exports[`rust (component) > should match everything 1`] = `
[
  "algolia",
  "apache_cassandra",
  "apache_thrift",
  "auth0",
  "aws",
  "aws.apigateway",
  "aws.athena",
  "aws.cloudformation",
  "aws.cloudfront",
  "aws.cloudsearch",
  "aws.cloudwatch",
  "aws.codebuild",
  "aws.documentdb",
  "aws.dynamodb",
  "aws.ebs",
  "aws.ec2",
  "aws.ecr",
  "aws.ecs",
  "aws.efs",
  "aws.eks",
  "aws.elasticache",
  "aws.glacier",
  "aws.glue",
  "aws.kinesis",
  "aws.kms",
  "aws.lambda",
  "aws.lightsail",
  "aws.memorydb",
  "aws.mq",
  "aws.neptune",
  "aws.opensearch",
  "aws.polly",
  "aws.rds",
  "aws.redshift",
  "aws.rekognition",
  "aws.s3",
  "aws.sagemaker",
  "aws.secretsmanager",
  "aws.ses",
  "aws.sfn",
  "aws.sns",
  "aws.sqs",
  "aws.timestream",
  "aws.translate",
  "azure",
  "azure.cosmosdb",
  "azure.functions",
  "azure.mariadb",
  "azure.mysql",
  "azure.postgres",
  "azure.redis",
  "azure.sql",
  "azure.storage",
  "cloudflare",
  "couchbase",
  "datadog",
  "elasticsearch",
  "fastly",
  "firebase",
  "gcp",
  "gcp.bigquery",
  "gcp.gcs",
  "gcp.logging",
  "gcp.pubsub",
  "gitlab",
  "hashicorp_vault",
  "influxdb",
  "kubernetes",
  "launchdarkly",
  "mailjet",
  "meilisearch",
  "memcached",
  "mongodb",
  "mysql",
  "nats",
  "neo4j",
  "okta",
  "pagerduty",
  "paypal",
  "postgresql",
  "posthog",
  "prometheus",
  "qdrant",
  "questdb",
  "rabbitmq",
  "redis",
  "rust",
  "selenium",
  "sentry",
  "slack",
  "snowflake",
  "sqlite",
  "tdengine",
  "telegram",
  "typesense",
  "vercel",
  "zookeeper",
]
`;

exports[`rust (component) > should match everything 2`] = `
[
  [
    "rust",
    "algoliasearch",
    "1.0.0",
  ],
  [
    "rust",
    "auth0",
    "1.0.0",
  ],
  [
    "rust",
    "aws-sdk-apigateway",
    "1.0.0",
  ],
  [
    "rust",
    "aws-sdk-athena",
    "1.0.0",
  ],
  [
    "rust",
    "aws-sdk-cloudformation",
    "1.0.0",
  ],
  [
    "rust",
    "aws-sdk-cloudfront",
    "1.0.0",
  ],
  [
    "rust",
    "aws-sdk-cloudsearch",
    "1.0.0",
  ],
  [
    "rust",
    "aws-sdk-cloudwatch",
    "1.0.0",
  ],
  [
    "rust",
    "aws-sdk-codebuild",
    "1.0.0",
  ],
  [
    "rust",
    "aws-sdk-docdb",
    "1.0.0",
  ],
  [
    "rust",
    "aws-sdk-dynamodb",
    "1.0.0",
  ],
  [
    "rust",
    "aws-sdk-e2",
    "1.0.0",
  ],
  [
    "rust",
    "aws-sdk-ebs",
    "1.0.0",
  ],
  [
    "rust",
    "aws-sdk-ec2",
    "1.0.0",
  ],
  [
    "rust",
    "aws-sdk-ecr",
    "1.0.0",
  ],
  [
    "rust",
    "aws-sdk-ecs",
    "1.0.0",
  ],
  [
    "rust",
    "aws-sdk-efs",
    "1.0.0",
  ],
  [
    "rust",
    "aws-sdk-eks",
    "1.0.0",
  ],
  [
    "rust",
    "aws-sdk-elasticache",
    "1.0.0",
  ],
  [
    "rust",
    "aws-sdk-firehose",
    "1.0.0",
  ],
  [
    "rust",
    "aws-sdk-glacier",
    "1.0.0",
  ],
  [
    "rust",
    "aws-sdk-glue",
    "1.0.0",
  ],
  [
    "rust",
    "aws-sdk-kinesis",
    "1.0.0",
  ],
  [
    "rust",
    "aws-sdk-kms",
    "1.0.0",
  ],
  [
    "rust",
    "aws-sdk-lambda",
    "1.0.0",
  ],
  [
    "rust",
    "aws-sdk-lightsail",
    "1.0.0",
  ],
  [
    "rust",
    "aws-sdk-memorydb",
    "1.0.0",
  ],
  [
    "rust",
    "aws-sdk-mq",
    "1.0.0",
  ],
  [
    "rust",
    "aws-sdk-neptune",
    "1.0.0",
  ],
  [
    "rust",
    "aws-sdk-opensearch",
    "1.0.0",
  ],
  [
    "rust",
    "aws-sdk-polly",
    "1.0.0",
  ],
  [
    "rust",
    "aws-sdk-rds",
    "1.0.0",
  ],
  [
    "rust",
    "aws-sdk-redshift",
    "1.0.0",
  ],
  [
    "rust",
    "aws-sdk-rekognition",
    "1.0.0",
  ],
  [
    "rust",
    "aws-sdk-s3",
    "1.0.0",
  ],
  [
    "rust",
    "aws-sdk-sagemaker",
    "1.0.0",
  ],
  [
    "rust",
    "aws-sdk-secretsmanager",
    "1.0.0",
  ],
  [
    "rust",
    "aws-sdk-ses",
    "1.0.0",
  ],
  [
    "rust",
    "aws-sdk-sesv2",
    "1.0.0",
  ],
  [
    "rust",
    "aws-sdk-sfn",
    "1.0.0",
  ],
  [
    "rust",
    "aws-sdk-sns",
    "1.0.0",
  ],
  [
    "rust",
    "aws-sdk-sqs",
    "1.0.0",
  ],
  [
    "rust",
    "aws-sdk-timestream",
    "1.0.0",
  ],
  [
    "rust",
    "aws-sdk-translate",
    "1.0.0",
  ],
  [
    "rust",
    "azure-functions",
    "1.0.0",
  ],
  [
    "rust",
    "azure-functions-shared",
    "1.0.0",
  ],
  [
    "rust",
    "azure_core",
    "1.0.0",
  ],
  [
    "rust",
    "azure_mgmt_cosmosdb",
    "1.0.0",
  ],
  [
    "rust",
    "azure_mgmt_mariadb",
    "1.0.0",
  ],
  [
    "rust",
    "azure_mgmt_mysql",
    "1.0.0",
  ],
  [
    "rust",
    "azure_mgmt_postgresql",
    "1.0.0",
  ],
  [
    "rust",
    "azure_mgmt_redis",
    "1.0.0",
  ],
  [
    "rust",
    "azure_mgmt_sql",
    "1.0.0",
  ],
  [
    "rust",
    "azure_storage",
    "1.0.0",
  ],
  [
    "rust",
    "azure_storage_blobs",
    "1.0.0",
  ],
  [
    "rust",
    "azure_storage_datalake",
    "1.0.0",
  ],
  [
    "rust",
    "azure_storage_queues",
    "1.0.0",
  ],
  [
    "rust",
    "cassandra-cpp",
    "1.0.0",
  ],
  [
    "rust",
    "cloudflare",
    "1.0.0",
  ],
  [
    "rust",
    "couchbase",
    "1.0.0",
  ],
  [
    "rust",
    "datadog-apm",
    "1.0.0",
  ],
  [
    "rust",
    "ddtrace",
    "1.0.0",
  ],
  [
    "rust",
    "discord-cassandra-cpp",
    "1.0.0",
  ],
  [
    "rust",
    "elasticsearch",
    "1.0.0",
  ],
  [
    "rust",
    "fastly-api",
    "1.0.0",
  ],
  [
    "rust",
    "firebase-rs",
    "1.0.0",
  ],
  [
    "rust",
    "gcp-bigquery-client",
    "1.0.0",
  ],
  [
    "rust",
    "gitlab",
    "1.0.0",
  ],
  [
    "rust",
    "google-cloud-logging",
    "1.0.0",
  ],
  [
    "rust",
    "google-cloud-pubsub",
    "1.0.0",
  ],
  [
    "rust",
    "google-cloud-storage",
    "1.0.0",
  ],
  [
    "rust",
    "hashicorp_vault",
    "1.0.0",
  ],
  [
    "rust",
    "influxdb",
    "1.0.0",
  ],
  [
    "rust",
    "influxdb2",
    "1.0.0",
  ],
  [
    "rust",
    "k8s-openapi",
    "1.0.0",
  ],
  [
    "rust",
    "lambda_runtime",
    "1.0.0",
  ],
  [
    "rust",
    "launchdarkly-server-sdk",
    "1.0.0",
  ],
  [
    "rust",
    "libsqlite3-sys",
    "1.0.0",
  ],
  [
    "rust",
    "mailjet-rs",
    "1.0.0",
  ],
  [
    "rust",
    "meilisearch-sdk",
    "1.0.0",
  ],
  [
    "rust",
    "memcache",
    "1.0.0",
  ],
  [
    "rust",
    "memcache-async",
    "1.0.0",
  ],
  [
    "rust",
    "mongodb",
    "1.0.0",
  ],
  [
    "rust",
    "mysql_async",
    "1.0.0",
  ],
  [
    "rust",
    "nats",
    "1.0.0",
  ],
  [
    "rust",
    "neo4rs",
    "1.0.0",
  ],
  [
    "rust",
    "okta",
    "1.0.0",
  ],
  [
    "rust",
    "pagerduty-rs",
    "1.0.0",
  ],
  [
    "rust",
    "paypal-rs",
    "1.0.0",
  ],
  [
    "rust",
    "postgres",
    "1.0.0",
  ],
  [
    "rust",
    "posthog-rs",
    "1.0.0",
  ],
  [
    "rust",
    "prometheus",
    "1.0.0",
  ],
  [
    "rust",
    "qdrant-client",
    "1.0.0",
  ],
  [
    "rust",
    "questdb-rs",
    "1.0.0",
  ],
  [
    "rust",
    "rabbitmq-stream-client",
    "1.0.0",
  ],
  [
    "rust",
    "redis",
    "1.0.0",
  ],
  [
    "rust",
    "redis-async",
    "1.0.0",
  ],
  [
    "rust",
    "rs-snowflake",
    "1.0.0",
  ],
  [
    "rust",
    "rusqlite",
    "1.0.0",
  ],
  [
    "rust",
    "selenium-rs",
    "1.0.0",
  ],
  [
    "rust",
    "sentry",
    "1.0.0",
  ],
  [
    "rust",
    "slack-morphism",
    "1.0.0",
  ],
  [
    "rust",
    "snowflake",
    "1.0.0",
  ],
  [
    "rust",
    "sqlite",
    "1.0.0",
  ],
  [
    "rust",
    "taos",
    "1.0.0",
  ],
  [
    "rust",
    "teloxide",
    "1.0.0",
  ],
  [
    "rust",
    "thirtyfour",
    "1.0.0",
  ],
  [
    "rust",
    "thrift",
    "1.0.0",
  ],
  [
    "rust",
    "typesense",
    "1.0.0",
  ],
  [
    "rust",
    "vercel_runtime",
    "1.0.0",
  ],
  [
    "rust",
    "zookeeper",
    "1.0.0",
  ],
]
`;

exports[`rust (component) > should match foreign dependencies 1`] = `
[
  [
    "rust",
    "anyhow",
    "1.0.56",
  ],
  [
    "rust",
    "axum",
    "0.6.1",
  ],
  [
    "rust",
    "foobar",
    "^1.0.0",
  ],
  [
    "rust",
    "hello",
    "path:../world:1.0.0",
  ],
  [
    "rust",
    "redis_cluster_async",
    "git:https://github.com/redis-rs/redis-cluster-async.git#e6fe168",
  ],
  [
    "rust",
    "test",
    "path:../test",
  ],
]
`;
