// Vitest Snapshot v1, https://vitest.dev/guide/snapshot.html

exports[`golang (lockfile) > should match everything 1`] = `
Set {
  "aws",
  "golang",
}
`;

exports[`golang (lockfile) > should match everything 2`] = `
[
  [
    "gomod",
    "github.com/aws/aws-sdk-go",
    "v1.0.0",
  ],
  [
    "gomod",
    "github.com/aws/aws-sdk-go-v2",
    "v1.0.0",
  ],
]
`;
