// Vitest Snapshot v1, https://vitest.dev/guide/snapshot.html

exports[`docker > should match all dependencies 1`] = `
[
  "algolia",
  "alibabacloud",
  "atlassian",
  "atlassian.confluence",
  "atlassian.jira",
  "atlassian.trello",
  "aws",
  "aws.cloudformation",
  "aws.cloudfront",
  "aws.codebuild",
  "aws.ec2",
  "aws.ecr",
  "aws.fargate",
  "aws.lambda",
  "aws.s3",
  "azure",
  "azure.functions",
  "azure.mysql",
  "azure.postgres",
  "azure.sql",
  "azure.staticwebapps",
  "cloudflare",
  "cloudflare.pages",
  "cloudflare.workers",
  "databricks",
  "datadog",
  "denodeploy",
  "digitalocean",
  "discord",
  "elasticsearch",
  "expodev",
  "firebase",
  "flyio",
  "gcp",
  "gcp.appengine",
  "gcp.cloudrun",
  "gcp.functions",
  "gcp.gce",
  "gcp.gcs",
  "gcp.gke",
  "gcp.secretmanager",
  "gitguardian",
  "github",
  "github.actions",
  "github.pages",
  "hashicorp_vault",
  "heroku",
  "kubernetes",
  "launchdarkly",
  "netlify",
  "optimizely",
  "planetscale",
  "postgresql",
  "qovery",
  "railway",
  "rollbar",
  "scaleway",
  "sentry",
  "slack",
  "snyk",
  "supabase",
  "supabase.postgres",
  "telegram",
  "twilio",
  "vercel",
]
`;

exports[`docker > should match all dependencies 2`] = `
[
  [
    "docker",
    "node",
    "18.17.1",
  ],
  [
    "docker",
    "postgres",
    "latest",
  ],
  [
    "githubAction",
    "10up/action-wordpress-plugin-deploy",
    "1",
  ],
  [
    "githubAction",
    "8398a7/action-slack",
    "1",
  ],
  [
    "githubAction",
    "Azure/appservice-build",
    "1",
  ],
  [
    "githubAction",
    "Azure/functions-action",
    "1",
  ],
  [
    "githubAction",
    "Azure/functions-container-action",
    "1",
  ],
  [
    "githubAction",
    "Azure/static-web-apps-deploy",
    "1",
  ],
  [
    "githubAction",
    "Azure/webapps-deploy",
    "1",
  ],
  [
    "githubAction",
    "Bhacaz/docs-as-code-confluence",
    "1",
  ],
  [
    "githubAction",
    "CircleCI-Public/trigger-circleci-pipeline-action",
    "1",
  ],
  [
    "githubAction",
    "DataDog/synthetics-ci-github-action",
    "1",
  ],
  [
    "githubAction",
    "GitGuardian/ggshield-action",
    "1",
  ],
  [
    "githubAction",
    "Ilshidur/action-discord",
    "1",
  ],
  [
    "githubAction",
    "JamesIves/github-pages-deploy-action",
    "1",
  ],
  [
    "githubAction",
    "Qovery/qovery-action",
    "1",
  ],
  [
    "githubAction",
    "SonarSource/sonarcloud-github-actio",
    "1",
  ],
  [
    "githubAction",
    "TartanLlama/actions-eleventy",
    "1",
  ],
  [
    "githubAction",
    "Xotabu4/selenoid-github-action",
    "1",
  ],
  [
    "githubAction",
    "actions/deploy-pages",
    "1",
  ],
  [
    "githubAction",
    "actions/setup-python",
    "1",
  ],
  [
    "githubAction",
    "actions/upload-pages-artifact",
    "1",
  ],
  [
    "githubAction",
    "ahmadnassri/action-dependabot-auto-merge",
    "1",
  ],
  [
    "githubAction",
    "akhileshns/heroku-deploy",
    "1",
  ],
  [
    "githubAction",
    "algolia/algoliasearch-crawler-github-actions",
    "1",
  ],
  [
    "githubAction",
    "algolia/setup-algolia-cli",
    "1",
  ],
  [
    "githubAction",
    "aliyun/acr-login",
    "1",
  ],
  [
    "githubAction",
    "amondnet/vercel-action",
    "1",
  ],
  [
    "githubAction",
    "ansible-community/ansible-test-gh-action",
    "1",
  ],
  [
    "githubAction",
    "ansible/ansible-lint",
    "1",
  ],
  [
    "githubAction",
    "appleboy/lambda-action",
    "1",
  ],
  [
    "githubAction",
    "appleboy/telegram-action",
    "1",
  ],
  [
    "githubAction",
    "ariga/atlas-action/migrate/apply",
    "1",
  ],
  [
    "githubAction",
    "ariga/atlas-action/migrate/lint",
    "1",
  ],
  [
    "githubAction",
    "ariga/atlas-action/migrate/push",
    "1",
  ],
  [
    "githubAction",
    "ariga/setup-atlas",
    "1",
  ],
  [
    "githubAction",
    "atlassian/gajira-cli",
    "1",
  ],
  [
    "githubAction",
    "atlassian/gajira-comment",
    "1",
  ],
  [
    "githubAction",
    "atlassian/gajira-create",
    "1",
  ],
  [
    "githubAction",
    "atlassian/gajira-find-issue-key",
    "1",
  ],
  [
    "githubAction",
    "atlassian/gajira-todo",
    "1",
  ],
  [
    "githubAction",
    "atlassian/gajira-transition",
    "1",
  ],
  [
    "githubAction",
    "aws-actions/amazon-ecr-login",
    "1",
  ],
  [
    "githubAction",
    "aws-actions/amazon-eks-fargate",
    "1",
  ],
  [
    "githubAction",
    "aws-actions/aws-cloudformation-github-deploy",
    "1",
  ],
  [
    "githubAction",
    "aws-actions/aws-codebuild-run-build",
    "1",
  ],
  [
    "githubAction",
    "aws-actions/configure-aws-credentials",
    "1",
  ],
  [
    "githubAction",
    "azure/CLI",
    "1",
  ],
  [
    "githubAction",
    "azure/k8s-create-secret",
    "1",
  ],
  [
    "githubAction",
    "azure/k8s-deploy",
    "1",
  ],
  [
    "githubAction",
    "azure/k8s-set-context",
    "1",
  ],
  [
    "githubAction",
    "azure/login",
    "1",
  ],
  [
    "githubAction",
    "azure/mysql",
    "1",
  ],
  [
    "githubAction",
    "azure/postgresql",
    "1",
  ],
  [
    "githubAction",
    "azure/powershell",
    "1",
  ],
  [
    "githubAction",
    "azure/setup-helm",
    "1",
  ],
  [
    "githubAction",
    "azure/setup-kubectl",
    "1",
  ],
  [
    "githubAction",
    "azure/sql-action",
    "1",
  ],
  [
    "githubAction",
    "bervProject/railway-deploy",
    "1",
  ],
  [
    "githubAction",
    "bitovi/github-actions-deploy-docker-to-ec2",
    "1",
  ],
  [
    "githubAction",
    "bridgecrewio/checkov-action",
    "1",
  ],
  [
    "githubAction",
    "bytebase/sql-review-action",
    "1",
  ],
  [
    "githubAction",
    "chetan/invalidate-cloudfront-action",
    "1",
  ],
  [
    "githubAction",
    "cloudflare/pages-action",
    "1",
  ],
  [
    "githubAction",
    "cloudflare/wrangler-action",
    "1",
  ],
  [
    "githubAction",
    "codecov/codecov-action",
    "1",
  ],
  [
    "githubAction",
    "coverallsapp/github-action",
    "1",
  ],
  [
    "githubAction",
    "cypress-io/github-action",
    "1",
  ],
  [
    "githubAction",
    "databricks/run-notebook",
    "1",
  ],
  [
    "githubAction",
    "datadog/agent-github-action",
    "1",
  ],
  [
    "githubAction",
    "denoland/deployctl",
    "1",
  ],
  [
    "githubAction",
    "denoland/setup-deno",
    "1",
  ],
  [
    "githubAction",
    "digitalocean/action-doctl",
    "1",
  ],
  [
    "githubAction",
    "digitalocean/app_action",
    "1",
  ],
  [
    "githubAction",
    "docker/login-action",
    "1",
  ],
  [
    "githubAction",
    "elastic/elastic-github-actions/elasticsearch",
    "1",
  ],
  [
    "githubAction",
    "enriikke/gatsby-gh-pages-action",
    "1",
  ],
  [
    "githubAction",
    "errata-ai/vale-action",
    "1",
  ],
  [
    "githubAction",
    "expo/expo-github-action",
    "1",
  ],
  [
    "githubAction",
    "foo-software/lighthouse-check-action",
    "1",
  ],
  [
    "githubAction",
    "getsentry/action-release",
    "1",
  ],
  [
    "githubAction",
    "github/ghas-jira-integration",
    "1",
  ],
  [
    "githubAction",
    "golangci/golangci-lint-action",
    "1",
  ],
  [
    "githubAction",
    "google-github-actions/auth",
    "1",
  ],
  [
    "githubAction",
    "google-github-actions/deploy-appengine",
    "1",
  ],
  [
    "githubAction",
    "google-github-actions/deploy-cloud-functions",
    "1",
  ],
  [
    "githubAction",
    "google-github-actions/deploy-cloudrun",
    "1",
  ],
  [
    "githubAction",
    "google-github-actions/get-gke-credentials",
    "1",
  ],
  [
    "githubAction",
    "google-github-actions/get-secretmanager-secrets",
    "1",
  ],
  [
    "githubAction",
    "google-github-actions/setup-gcloud",
    "1",
  ],
  [
    "githubAction",
    "google-github-actions/ssh-compute",
    "1",
  ],
  [
    "githubAction",
    "google-github-actions/upload-cloud-storage",
    "1",
  ],
  [
    "githubAction",
    "goto-bus-stop/setup-zig",
    "1",
  ],
  [
    "githubAction",
    "hashicorp/setup-terraform",
    "1",
  ],
  [
    "githubAction",
    "hashicorp/terraform-cdk-action",
    "1",
  ],
  [
    "githubAction",
    "hashicorp/vault-action",
    "1",
  ],
  [
    "githubAction",
    "jakejarvis/lighthouse-action",
    "1",
  ],
  [
    "githubAction",
    "jakejarvis/s3-sync-action",
    "1",
  ],
  [
    "githubAction",
    "jeffreytse/jekyll-deploy-action",
    "1",
  ],
  [
    "githubAction",
    "jessicazu/trello-github-actions",
    "1",
  ],
  [
    "githubAction",
    "jonelantha/gatsby-s3-action",
    "1",
  ],
  [
    "githubAction",
    "joshuaavalon/flyway-action",
    "1",
  ],
  [
    "githubAction",
    "jzweifel/gatsby-cli-github-action",
    "1",
  ],
  [
    "githubAction",
    "launchdarkly/find-code-references",
    "1",
  ],
  [
    "githubAction",
    "liquibase-github-actions/init-start-h2",
    "1",
  ],
  [
    "githubAction",
    "liquibase-github-actions/update",
    "1",
  ],
  [
    "githubAction",
    "liquibase/liquibase-github-action",
    "1",
  ],
  [
    "githubAction",
    "microsoft/playwright-github-action",
    "1",
  ],
  [
    "githubAction",
    "nwtgck/actions-netlify",
    "1",
  ],
  [
    "githubAction",
    "optimizely/upload-custom-code-action",
    "1",
  ],
  [
    "githubAction",
    "peaceiris/actions-gh-pages",
    "1",
  ],
  [
    "githubAction",
    "peaceiris/actions-hugo",
    "1",
  ],
  [
    "githubAction",
    "planetscale/create-branch-action",
    "1",
  ],
  [
    "githubAction",
    "ramsey/composer-install",
    "1",
  ],
  [
    "githubAction",
    "red-gate/flyway-hub-migration-test",
    "1",
  ],
  [
    "githubAction",
    "relative-ci/agent-action",
    "1",
  ],
  [
    "githubAction",
    "rollbar/github-deploy-action",
    "1",
  ],
  [
    "githubAction",
    "ruby/setup-ruby",
    "1",
  ],
  [
    "githubAction",
    "samuelmeuli/action-electron-builder",
    "1",
  ],
  [
    "githubAction",
    "scaleway/action-scw",
    "1",
  ],
  [
    "githubAction",
    "shivammathur/setup-php",
    "1",
  ],
  [
    "githubAction",
    "slackapi/slack-github-action",
    "1",
  ],
  [
    "githubAction",
    "snaplet/vercel-action",
    "1",
  ],
  [
    "githubAction",
    "snyk/actions/php",
    "latest",
  ],
  [
    "githubAction",
    "supabase/embeddings-generator",
    "1",
  ],
  [
    "githubAction",
    "supabase/setup-cli",
    "1",
  ],
  [
    "githubAction",
    "superfly/flyctl-actions/setup-flyctl",
    "1",
  ],
  [
    "githubAction",
    "treosh/lighthouse-ci-action",
    "1",
  ],
  [
    "githubAction",
    "trufflesecurity/trufflehog",
    "1",
  ],
  [
    "githubAction",
    "twilio-labs/actions-sms",
    "1",
  ],
  [
    "githubAction",
    "w9jds/firebase-action",
    "1",
  ],
  [
    "githubAction",
    "wzieba/Firebase-Distribution-Github-Action",
    "1",
  ],
]
`;
