// Vitest Snapshot v1, https://vitest.dev/guide/snapshot.html

exports[`dotenv > should match all dependencies 1`] = `
[
  "aircall",
  "akamai",
  "algolia",
  "amplitude",
  "anthropic",
  "aws",
  "aws.cloudfront",
  "beehiiv",
  "betterauth",
  "betterstack",
  "bugsnag",
  "clerk",
  "cloudbees",
  "cloudflare",
  "cohereai",
  "contentful",
  "convexdb",
  "databricks",
  "datadog",
  "discord",
  "dokku",
  "facebook",
  "firebase",
  "freshdesk",
  "gcp",
  "gcp.vertex",
  "geminiai",
  "ghost",
  "googleanalytics",
  "groq",
  "hotjar",
  "huggingface",
  "intercom",
  "logsnag",
  "meilisearch",
  "mistralai",
  "mixpanel",
  "mongodb",
  "mysql",
  "nango",
  "newrelic",
  "openai",
  "ovh",
  "plausible",
  "postgresql",
  "posthog",
  "railway",
  "reddit",
  "redis",
  "resend",
  "segment",
  "sentry",
  "slack",
  "squareup",
  "strapi",
  "stripe",
  "supabase",
  "telegram",
  "tursodb",
  "twitch",
  "twitter",
  "upstash",
  "upstash.kafka",
  "upstash.redis",
  "webflow",
  "woocommerce",
  "wordpress",
  "xai",
  "zendesk",
  "zoom",
]
`;

exports[`dotenv > should match all dependencies 2`] = `[]`;
