// Vitest Snapshot v1, https://vitest.dev/guide/snapshot.html

exports[`php > should match everything 1`] = `
[
  "algolia",
  "amplitude",
  "aws",
  "firebase",
  "firebase.firestore",
  "gcp",
  "gcp.aiplatform",
  "gcp.bigquery",
  "gcp.bigtable",
  "gcp.cloudbuild",
  "gcp.cloudrun",
  "gcp.dataproc",
  "gcp.datastore",
  "gcp.functions",
  "gcp.gce",
  "gcp.gcs",
  "gcp.language",
  "gcp.pubsub",
  "gcp.secretmanager",
  "gcp.speech",
  "gcp.sql",
  "gcp.translate",
  "gcp.vision",
  "googleanalytics",
  "mixpanel",
  "php",
  "redis",
]
`;

exports[`php > should match everything 2`] = `
[
  [
    "php",
    "algolia/algoliasearch-client-php",
    "0.0.0",
  ],
  [
    "php",
    "aws/aws-sdk-php",
    "0.0.0",
  ],
  [
    "php",
    "google/analytics-admin",
    "0.0.0",
  ],
  [
    "php",
    "google/analytics-data",
    "0.0.0",
  ],
  [
    "php",
    "google/cloud",
    "0.0.0",
  ],
  [
    "php",
    "google/cloud-ai-platform",
    "0.0.0",
  ],
  [
    "php",
    "google/cloud-bigquery",
    "0.0.0",
  ],
  [
    "php",
    "google/cloud-bigtable",
    "0.0.0",
  ],
  [
    "php",
    "google/cloud-build",
    "0.0.0",
  ],
  [
    "php",
    "google/cloud-compute",
    "0.0.0",
  ],
  [
    "php",
    "google/cloud-dataproc",
    "0.0.0",
  ],
  [
    "php",
    "google/cloud-datastore",
    "0.0.0",
  ],
  [
    "php",
    "google/cloud-firestore",
    "0.0.0",
  ],
  [
    "php",
    "google/cloud-functions",
    "0.0.0",
  ],
  [
    "php",
    "google/cloud-functions-framework",
    "0.0.0",
  ],
  [
    "php",
    "google/cloud-language",
    "0.0.0",
  ],
  [
    "php",
    "google/cloud-pubsub",
    "0.0.0",
  ],
  [
    "php",
    "google/cloud-run",
    "0.0.0",
  ],
  [
    "php",
    "google/cloud-secret-manager",
    "0.0.0",
  ],
  [
    "php",
    "google/cloud-speech",
    "0.0.0",
  ],
  [
    "php",
    "google/cloud-sql-admin",
    "0.0.0",
  ],
  [
    "php",
    "google/cloud-storage",
    "0.0.0",
  ],
  [
    "php",
    "google/cloud-translate",
    "0.0.0",
  ],
  [
    "php",
    "google/cloud-vision",
    "0.0.0",
  ],
  [
    "php",
    "mixpanel/mixpanel-php",
    "0.0.0",
  ],
  [
    "php",
    "predis/predis",
    "0.0.0",
  ],
  [
    "php",
    "spatie/laravel-analytics",
    "0.0.0",
  ],
  [
    "php",
    "theiconic/php-ga-measurement-protocol",
    "0.0.0",
  ],
  [
    "php",
    "zumba/amplitude-php",
    "0.0.0",
  ],
]
`;
