// Vitest Snapshot v1, https://vitest.dev/guide/snapshot.html

exports[`php > should match everything 1`] = `
[
  "adyen",
  "airtable",
  "algolia",
  "alibabacloud",
  "amplitude",
  "apache_couchdb",
  "apache_kafka",
  "apiplatform",
  "atlassian",
  "atlassian.bitbucket",
  "atlassian.jira",
  "atlassian.trello",
  "auth0",
  "aws",
  "aws.cloudfront",
  "aws.dynamodb",
  "aws.elasticache",
  "aws.lambda",
  "aws.rds",
  "aws.s3",
  "aws.ses",
  "aws.sns",
  "aws.sqs",
  "azure",
  "azure.storage",
  "betterstack",
  "bigcommerce",
  "blackfire",
  "brevo",
  "clickhouse",
  "cloudflare",
  "cockroachdb",
  "contenful",
  "couchbase",
  "crowdin",
  "datadog",
  "datastax",
  "doctrinephp",
  "docusign",
  "dropbox",
  "drupal",
  "elasticsearch",
  "firebase",
  "firebase.firestore",
  "gcp",
  "gcp.aiplatform",
  "gcp.appengine",
  "gcp.bigquery",
  "gcp.bigtable",
  "gcp.cloudbuild",
  "gcp.cloudrun",
  "gcp.dataflow",
  "gcp.dataproc",
  "gcp.datastore",
  "gcp.dialogflow",
  "gcp.functions",
  "gcp.gce",
  "gcp.gcs",
  "gcp.kms",
  "gcp.language",
  "gcp.logging",
  "gcp.memorystore",
  "gcp.pubsub",
  "gcp.secretmanager",
  "gcp.spanner",
  "gcp.speech",
  "gcp.sql",
  "gcp.tasks",
  "gcp.translate",
  "gcp.vision",
  "github",
  "gitlab",
  "googleanalytics",
  "hashicorp_vault",
  "heroku",
  "hubspot",
  "influxdb",
  "intercom",
  "joomla",
  "klaviyo",
  "kubernetes",
  "laravel",
  "launchdarkly",
  "lemonsqueezy",
  "magento",
  "mailchimp",
  "mailgun",
  "mailjet",
  "meilisearch",
  "mixpanel",
  "mongodb",
  "nats",
  "newrelic",
  "novu",
  "okta",
  "openai",
  "optimizely",
  "oraclecloud",
  "ovh",
  "pagerduty",
  "papertrail",
  "paypal",
  "php",
  "phppest",
  "phpstan",
  "phpunit",
  "pirschanalytics",
  "postgresql",
  "posthog",
  "postmark",
  "prestashop",
  "prometheus",
  "qdrant",
  "rabbitmq",
  "redis",
  "resend",
  "rethinkdb",
  "rollbar",
  "scoutapm",
  "selenium",
  "sendgrid",
  "sentry",
  "shopify",
  "slack",
  "squareup",
  "stripe",
  "supabase",
  "supabase.postgres",
  "symfony",
  "telegram",
  "tencentcloud",
  "twigphp",
  "twilio",
  "typesense",
  "woocommerce",
  "wordpress",
  "yii2",
  "yousign",
  "zendesk",
  "zipkin",
  "zookeeper",
]
`;

exports[`php > should match everything 2`] = `
[
  [
    "php",
    "adilbaig/pagerduty",
    "0.0.0",
  ],
  [
    "php",
    "adyen/module-payment",
    "0.0.0",
  ],
  [
    "php",
    "adyen/php-api-library",
    "0.0.0",
  ],
  [
    "php",
    "adyen/php-webhook-module",
    "0.0.0",
  ],
  [
    "php",
    "alek13/slack",
    "0.0.0",
  ],
  [
    "php",
    "algolia/algoliasearch-client-php",
    "0.0.0",
  ],
  [
    "php",
    "algolia/scout-extended",
    "0.0.0",
  ],
  [
    "php",
    "alibabacloud/client",
    "0.0.0",
  ],
  [
    "php",
    "alibabacloud/sdk",
    "0.0.0",
  ],
  [
    "php",
    "androk/yousign-api",
    "0.0.0",
  ],
  [
    "php",
    "api-platform/core",
    "0.0.0",
  ],
  [
    "php",
    "artprima/prometheus-metrics-bundle",
    "0.0.0",
  ],
  [
    "php",
    "async-aws/dynamo-db",
    "0.0.0",
  ],
  [
    "php",
    "async-aws/lambda",
    "0.0.0",
  ],
  [
    "php",
    "async-aws/rds-data-service",
    "0.0.0",
  ],
  [
    "php",
    "async-aws/s3",
    "0.0.0",
  ],
  [
    "php",
    "async-aws/ses",
    "0.0.0",
  ],
  [
    "php",
    "async-aws/simple-s3",
    "0.0.0",
  ],
  [
    "php",
    "async-aws/sns",
    "0.0.0",
  ],
  [
    "php",
    "async-aws/sqs",
    "0.0.0",
  ],
  [
    "php",
    "atyagi/elasticache-laravel",
    "0.0.0",
  ],
  [
    "php",
    "auth0/auth0-php",
    "0.0.0",
  ],
  [
    "php",
    "auth0/login",
    "0.0.0",
  ],
  [
    "php",
    "automattic/woocommerce",
    "0.0.0",
  ],
  [
    "php",
    "aws/aws-php-sns-message-validator",
    "0.0.0",
  ],
  [
    "php",
    "aws/aws-sdk-php",
    "0.0.0",
  ],
  [
    "php",
    "baopham/dynamodb",
    "0.0.0",
  ],
  [
    "php",
    "behat/mink-selenium2-driver",
    "0.0.0",
  ],
  [
    "php",
    "bigcommerce/api",
    "0.0.0",
  ],
  [
    "php",
    "bitbucket/client",
    "0.0.0",
  ],
  [
    "php",
    "blackfire/php-sdk",
    "0.0.0",
  ],
  [
    "php",
    "cartalyst/stripe",
    "0.0.0",
  ],
  [
    "php",
    "cdaguerre/php-trello-api",
    "0.0.0",
  ],
  [
    "php",
    "cloudflare/sdk",
    "0.0.0",
  ],
  [
    "php",
    "colinmollenhour/cache-backend-redis",
    "0.0.0",
  ],
  [
    "php",
    "contentful/contentful",
    "0.0.0",
  ],
  [
    "php",
    "contentful/contentful-management",
    "0.0.0",
  ],
  [
    "php",
    "couchbase/couchbase",
    "0.0.0",
  ],
  [
    "php",
    "crowdin/crowdin-api-client",
    "0.0.0",
  ],
  [
    "php",
    "csharpru/vault-php",
    "0.0.0",
  ],
  [
    "php",
    "danielmewes/php-rql",
    "0.0.0",
  ],
  [
    "php",
    "datadog/dd-trace",
    "0.0.0",
  ],
  [
    "php",
    "datadog/php-datadogstatsd",
    "0.0.0",
  ],
  [
    "php",
    "datastax/php-driver",
    "0.0.0",
  ],
  [
    "php",
    "doctrine/couchdb",
    "0.0.0",
  ],
  [
    "php",
    "doctrine/orm",
    "0.0.0",
  ],
  [
    "php",
    "docusign/esign-client",
    "0.0.0",
  ],
  [
    "php",
    "dreamonkey/laravel-cloudfront-url-signer",
    "0.0.0",
  ],
  [
    "php",
    "drewm/mailchimp-api",
    "0.0.0",
  ],
  [
    "php",
    "drupal/core",
    "0.0.0",
  ],
  [
    "php",
    "drupal/core-recommended",
    "0.0.0",
  ],
  [
    "php",
    "drupal/drupal-extension",
    "0.0.0",
  ],
  [
    "php",
    "ekino/newrelic-bundle",
    "0.0.0",
  ],
  [
    "php",
    "elasticsearch/elasticsearch",
    "0.0.0",
  ],
  [
    "php",
    "encentcloud/tencentcloud-sdk-php",
    "0.0.0",
  ],
  [
    "php",
    "fastly/magento2",
    "0.0.0",
  ],
  [
    "php",
    "getbrevo/brevo-php",
    "0.0.0",
  ],
  [
    "php",
    "google/analytics-admin",
    "0.0.0",
  ],
  [
    "php",
    "google/analytics-data",
    "0.0.0",
  ],
  [
    "php",
    "google/appengine-php-sdk",
    "0.0.0",
  ],
  [
    "php",
    "google/cloud",
    "0.0.0",
  ],
  [
    "php",
    "google/cloud-ai-platform",
    "0.0.0",
  ],
  [
    "php",
    "google/cloud-bigquery",
    "0.0.0",
  ],
  [
    "php",
    "google/cloud-bigtable",
    "0.0.0",
  ],
  [
    "php",
    "google/cloud-build",
    "0.0.0",
  ],
  [
    "php",
    "google/cloud-compute",
    "0.0.0",
  ],
  [
    "php",
    "google/cloud-dataflow",
    "0.0.0",
  ],
  [
    "php",
    "google/cloud-dataproc",
    "0.0.0",
  ],
  [
    "php",
    "google/cloud-datastore",
    "0.0.0",
  ],
  [
    "php",
    "google/cloud-dialogflow",
    "0.0.0",
  ],
  [
    "php",
    "google/cloud-firestore",
    "0.0.0",
  ],
  [
    "php",
    "google/cloud-functions",
    "0.0.0",
  ],
  [
    "php",
    "google/cloud-functions-framework",
    "0.0.0",
  ],
  [
    "php",
    "google/cloud-kms",
    "0.0.0",
  ],
  [
    "php",
    "google/cloud-language",
    "0.0.0",
  ],
  [
    "php",
    "google/cloud-logging",
    "0.0.0",
  ],
  [
    "php",
    "google/cloud-pubsub",
    "0.0.0",
  ],
  [
    "php",
    "google/cloud-redis",
    "0.0.0",
  ],
  [
    "php",
    "google/cloud-run",
    "0.0.0",
  ],
  [
    "php",
    "google/cloud-secret-manager",
    "0.0.0",
  ],
  [
    "php",
    "google/cloud-spanner",
    "0.0.0",
  ],
  [
    "php",
    "google/cloud-speech",
    "0.0.0",
  ],
  [
    "php",
    "google/cloud-sql-admin",
    "0.0.0",
  ],
  [
    "php",
    "google/cloud-storage",
    "0.0.0",
  ],
  [
    "php",
    "google/cloud-tasks",
    "0.0.0",
  ],
  [
    "php",
    "google/cloud-translate",
    "0.0.0",
  ],
  [
    "php",
    "google/cloud-vision",
    "0.0.0",
  ],
  [
    "php",
    "gos/pubsub-router-bundle",
    "0.0.0",
  ],
  [
    "php",
    "heroku/heroku-buildpack-php",
    "0.0.0",
  ],
  [
    "php",
    "hkulekci/qdrant",
    "0.0.0",
  ],
  [
    "php",
    "hubspot/api-client",
    "0.0.0",
  ],
  [
    "php",
    "hubspot/hubspot-php",
    "0.0.0",
  ],
  [
    "php",
    "influxdata/influxdb-client-php",
    "0.0.0",
  ],
  [
    "php",
    "instaclick/php-webdriver",
    "0.0.0",
  ],
  [
    "php",
    "intercom/intercom-php",
    "0.0.0",
  ],
  [
    "php",
    "intercom/oauth2-intercom",
    "0.0.0",
  ],
  [
    "php",
    "intouch/newrelic",
    "0.0.0",
  ],
  [
    "php",
    "irazasyed/telegram-bot-sdk",
    "0.0.0",
  ],
  [
    "php",
    "johnpbloch/wordpress",
    "0.0.0",
  ],
  [
    "php",
    "jolicode/slack-php-api",
    "0.0.0",
  ],
  [
    "php",
    "joomla/application",
    "0.0.0",
  ],
  [
    "php",
    "klaviyo/magento2-extension",
    "0.0.0",
  ],
  [
    "php",
    "knplabs/github-api",
    "0.0.0",
  ],
  [
    "php",
    "kubernetes/php-client",
    "0.0.0",
  ],
  [
    "php",
    "laravel-notification-channels/telegram",
    "0.0.0",
  ],
  [
    "php",
    "laravel/cashier",
    "0.0.0",
  ],
  [
    "php",
    "laravel/framework",
    "0.0.0",
  ],
  [
    "php",
    "laravel/slack-notification-channel",
    "0.0.0",
  ],
  [
    "php",
    "launchdarkly/launchdarkly-php",
    "0.0.0",
  ],
  [
    "php",
    "launchdarkly/server-sdk",
    "0.0.0",
  ],
  [
    "php",
    "league/flysystem-async-aws-s3",
    "0.0.0",
  ],
  [
    "php",
    "league/flysystem-aws-s3-v3",
    "0.0.0",
  ],
  [
    "php",
    "league/flysystem-azure-blob-storage",
    "0.0.0",
  ],
  [
    "php",
    "league/flysystem-google-cloud-storage",
    "0.0.0",
  ],
  [
    "php",
    "lemonsqueezy/laravel",
    "0.0.0",
  ],
  [
    "php",
    "lesstif/php-jira-rest-client",
    "0.0.0",
  ],
  [
    "php",
    "logtail/monolog-logtail",
    "0.0.0",
  ],
  [
    "php",
    "longlang/phpkafka",
    "0.0.0",
  ],
  [
    "php",
    "longman/telegram-bot",
    "0.0.0",
  ],
  [
    "php",
    "m4tthumphrey/php-gitlab-api",
    "0.0.0",
  ],
  [
    "php",
    "magento/composer",
    "0.0.0",
  ],
  [
    "php",
    "mailchimp/makerting",
    "0.0.0",
  ],
  [
    "php",
    "mailchimp/transactional",
    "0.0.0",
  ],
  [
    "php",
    "mailgun/mailgun-php",
    "0.0.0",
  ],
  [
    "php",
    "mailjet/laravel-mailjet",
    "0.0.0",
  ],
  [
    "php",
    "mailjet/mailjet-apiv3-php",
    "0.0.0",
  ],
  [
    "php",
    "maknz/slack",
    "0.0.0",
  ],
  [
    "php",
    "martin-georgiev/postgresql-for-doctrine",
    "0.0.0",
  ],
  [
    "php",
    "matthewbdaly/laravel-azure-storage",
    "0.0.0",
  ],
  [
    "php",
    "meilisearch/meilisearch-php ",
    "0.0.0",
  ],
  [
    "php",
    "mglaman/phpstan-drupal",
    "0.0.0",
  ],
  [
    "php",
    "microsoft/azure-storage-blob",
    "0.0.0",
  ],
  [
    "php",
    "microsoft/azure-storage-common",
    "0.0.0",
  ],
  [
    "php",
    "microsoft/azure-storage-file",
    "0.0.0",
  ],
  [
    "php",
    "microsoft/azure-storage-queue",
    "0.0.0",
  ],
  [
    "php",
    "microsoft/azure-storage-table",
    "0.0.0",
  ],
  [
    "php",
    "mixpanel/mixpanel-php",
    "0.0.0",
  ],
  [
    "php",
    "mongodb/mongodb",
    "0.0.0",
  ],
  [
    "php",
    "nbj/cockroachdb-laravel",
    "0.0.0",
  ],
  [
    "php",
    "nmred/kafka-php",
    "0.0.0",
  ],
  [
    "php",
    "novu/novu-laravel",
    "0.0.0",
  ],
  [
    "php",
    "omnipay/paypal",
    "0.0.0",
  ],
  [
    "php",
    "omnipay/stripe",
    "0.0.0",
  ],
  [
    "php",
    "openai-php/client",
    "0.0.0",
  ],
  [
    "php",
    "openai-php/laravel",
    "0.0.0",
  ],
  [
    "php",
    "openzipkin/zipkin",
    "0.0.0",
  ],
  [
    "php",
    "optimizely/optimizely-sdk",
    "0.0.0",
  ],
  [
    "php",
    "oracle/oci-php-sdk",
    "0.0.0",
  ],
  [
    "php",
    "ovh/ovh",
    "0.0.0",
  ],
  [
    "php",
    "paypal/rest-api-sdk-php",
    "0.0.0",
  ],
  [
    "php",
    "pestphp/pest",
    "0.0.0",
  ],
  [
    "php",
    "petitpress/gps-messenger-bundle",
    "0.0.0",
  ],
  [
    "php",
    "php-amqplib/php-amqplib",
    "0.0.0",
  ],
  [
    "php",
    "php-webdriver/webdriver",
    "0.0.0",
  ],
  [
    "php",
    "phpclassic/php-shopify",
    "0.0.0",
  ],
  [
    "php",
    "phpstan/phpstan",
    "0.0.0",
  ],
  [
    "php",
    "phpunit/phpunit",
    "0.0.0",
  ],
  [
    "php",
    "phpunit/phpunit-selenium",
    "0.0.0",
  ],
  [
    "php",
    "pirsch-analytics/sdk",
    "0.0.0",
  ],
  [
    "php",
    "posthog/posthog-php",
    "0.0.0",
  ],
  [
    "php",
    "predis/predis",
    "0.0.0",
  ],
  [
    "php",
    "prestashop/ps_currencyselector",
    "0.0.0",
  ],
  [
    "php",
    "prestashop/ps_facetedsearch",
    "0.0.0",
  ],
  [
    "php",
    "prestashop/ps_shoppingcart",
    "0.0.0",
  ],
  [
    "php",
    "promphp/prometheus_client_php",
    "0.0.0",
  ],
  [
    "php",
    "qdrant-ruby",
    "0.0.0",
  ],
  [
    "php",
    "repejota/nats",
    "0.0.0",
  ],
  [
    "php",
    "resend/resend-php",
    "0.0.0",
  ],
  [
    "php",
    "rollbar/rollbar",
    "0.0.0",
  ],
  [
    "php",
    "rollbar/rollbar-laravel",
    "0.0.0",
  ],
  [
    "php",
    "rollbar/rollbar-magento2",
    "0.0.0",
  ],
  [
    "php",
    "rollbar/rollbar-php-symfony-bundle",
    "0.0.0",
  ],
  [
    "php",
    "roots/wordpress",
    "0.0.0",
  ],
  [
    "php",
    "ruflin/Elastica",
    "0.0.0",
  ],
  [
    "php",
    "scoutapp/scout-apm-laravel",
    "0.0.0",
  ],
  [
    "php",
    "scoutapp/scout-apm-php",
    "0.0.0",
  ],
  [
    "php",
    "se/selenium-server-standalone",
    "0.0.0",
  ],
  [
    "php",
    "sendgrid/sendgrid",
    "0.0.0",
  ],
  [
    "php",
    "sendinblue/api-v3-sdk",
    "0.0.0",
  ],
  [
    "php",
    "sentry/sdk",
    "0.0.0",
  ],
  [
    "php",
    "sentry/sentry",
    "0.0.0",
  ],
  [
    "php",
    "sentry/sentry-laravel",
    "0.0.0",
  ],
  [
    "php",
    "sentry/sentry-symfony",
    "0.0.0",
  ],
  [
    "php",
    "shopify/shopify-api",
    "0.0.0",
  ],
  [
    "php",
    "sleiman/airtable-php",
    "0.0.0",
  ],
  [
    "php",
    "smi2/phpclickhouse",
    "0.0.0",
  ],
  [
    "php",
    "smile/elasticsuite",
    "0.0.0",
  ],
  [
    "php",
    "snc/redis-bundle",
    "0.0.0",
  ],
  [
    "php",
    "socialiteproviders/okta",
    "0.0.0",
  ],
  [
    "php",
    "sparkinfluence/zookeeper",
    "0.0.0",
  ],
  [
    "php",
    "spatie/dropbox-api",
    "0.0.0",
  ],
  [
    "php",
    "spatie/laravel-analytics",
    "0.0.0",
  ],
  [
    "php",
    "square/square",
    "0.0.0",
  ],
  [
    "php",
    "srmklive/paypal",
    "0.0.0",
  ],
  [
    "php",
    "stephanecoinon/papertrail",
    "0.0.0",
  ],
  [
    "php",
    "stripe/stripe-php",
    "0.0.0",
  ],
  [
    "php",
    "supabase/postgrest-php",
    "0.0.0",
  ],
  [
    "php",
    "symfony/panther",
    "0.0.0",
  ],
  [
    "php",
    "symfony/symfony",
    "0.0.0",
  ],
  [
    "php",
    "telegram-bot/api",
    "0.0.0",
  ],
  [
    "php",
    "theiconic/php-ga-measurement-protocol",
    "0.0.0",
  ],
  [
    "php",
    "twig/twig",
    "0.0.0",
  ],
  [
    "php",
    "twilio/sdk",
    "0.0.0",
  ],
  [
    "php",
    "typesense/laravel-scout-typesense-driver",
    "0.0.0",
  ],
  [
    "php",
    "typesense/typesense-php ",
    "0.0.0",
  ],
  [
    "php",
    "unicodeveloper/novu",
    "0.0.0",
  ],
  [
    "php",
    "webflo/drupal-finder",
    "0.0.0",
  ],
  [
    "php",
    "wildbit/postmark-php",
    "0.0.0",
  ],
  [
    "php",
    "wp-cli/wp-cli",
    "0.0.0",
  ],
  [
    "php",
    "wpackagist-plugin/rollbar",
    "0.0.0",
  ],
  [
    "php",
    "yiisoft/yii2",
    "0.0.0",
  ],
  [
    "php",
    "zendesk/zendesk_api_client_php",
    "0.0.0",
  ],
  [
    "php",
    "zumba/amplitude-php",
    "0.0.0",
  ],
]
`;
